Component: ARM Compiler 5.06 update 6 (build 750) Tool: armlink [4d35ed]

==============================================================================

Section Cross References

    startup_stm32f303xc.o(RESET) refers to startup_stm32f303xc.o(STACK) for __initial_sp
    startup_stm32f303xc.o(RESET) refers to startup_stm32f303xc.o(.text) for Reset_Handler
    startup_stm32f303xc.o(RESET) refers to stm32f3xx_it.o(i.NMI_Handler) for NMI_Handler
    startup_stm32f303xc.o(RESET) refers to stm32f3xx_it.o(i.HardFault_Handler) for HardFault_Handler
    startup_stm32f303xc.o(RESET) refers to stm32f3xx_it.o(i.MemManage_Handler) for MemManage_Handler
    startup_stm32f303xc.o(RESET) refers to stm32f3xx_it.o(i.BusFault_Handler) for BusFault_Handler
    startup_stm32f303xc.o(RESET) refers to stm32f3xx_it.o(i.UsageFault_Handler) for UsageFault_Handler
    startup_stm32f303xc.o(RESET) refers to stm32f3xx_it.o(i.SVC_Handler) for SVC_Handler
    startup_stm32f303xc.o(RESET) refers to stm32f3xx_it.o(i.DebugMon_Handler) for DebugMon_Handler
    startup_stm32f303xc.o(RESET) refers to stm32f3xx_it.o(i.PendSV_Handler) for PendSV_Handler
    startup_stm32f303xc.o(RESET) refers to stm32f3xx_it.o(i.SysTick_Handler) for SysTick_Handler
    startup_stm32f303xc.o(RESET) refers to stm32f3xx_it.o(i.DMA1_Channel1_IRQHandler) for DMA1_Channel1_IRQHandler
    startup_stm32f303xc.o(RESET) refers to stm32f3xx_it.o(i.DMA1_Channel3_IRQHandler) for DMA1_Channel3_IRQHandler
    startup_stm32f303xc.o(RESET) refers to stm32f3xx_it.o(i.USB_LP_CAN_RX0_IRQHandler) for USB_LP_CAN_RX0_IRQHandler
    startup_stm32f303xc.o(RESET) refers to stm32f3xx_it.o(i.TIM1_UP_TIM16_IRQHandler) for TIM1_UP_TIM16_IRQHandler
    startup_stm32f303xc.o(RESET) refers to stm32f3xx_it.o(i.TIM2_IRQHandler) for TIM2_IRQHandler
    startup_stm32f303xc.o(RESET) refers to stm32f3xx_it.o(i.TIM3_IRQHandler) for TIM3_IRQHandler
    startup_stm32f303xc.o(RESET) refers to stm32f3xx_it.o(i.TIM4_IRQHandler) for TIM4_IRQHandler
    startup_stm32f303xc.o(RESET) refers to stm32f3xx_it.o(i.USART1_IRQHandler) for USART1_IRQHandler
    startup_stm32f303xc.o(RESET) refers to stm32f3xx_it.o(i.TIM8_BRK_IRQHandler) for TIM8_BRK_IRQHandler
    startup_stm32f303xc.o(RESET) refers to stm32f3xx_it.o(i.TIM8_UP_IRQHandler) for TIM8_UP_IRQHandler
    startup_stm32f303xc.o(RESET) refers to stm32f3xx_it.o(i.TIM8_TRG_COM_IRQHandler) for TIM8_TRG_COM_IRQHandler
    startup_stm32f303xc.o(RESET) refers to stm32f3xx_it.o(i.TIM8_CC_IRQHandler) for TIM8_CC_IRQHandler
    startup_stm32f303xc.o(RESET) refers to stm32f3xx_it.o(i.ADC3_IRQHandler) for ADC3_IRQHandler
    startup_stm32f303xc.o(RESET) refers to stm32f3xx_it.o(i.UART4_IRQHandler) for UART4_IRQHandler
    startup_stm32f303xc.o(RESET) refers to stm32f3xx_it.o(i.DMA2_Channel1_IRQHandler) for DMA2_Channel1_IRQHandler
    startup_stm32f303xc.o(RESET) refers to stm32f3xx_it.o(i.DMA2_Channel5_IRQHandler) for DMA2_Channel5_IRQHandler
    startup_stm32f303xc.o(.text) refers to system_stm32f3xx.o(i.SystemInit) for SystemInit
    startup_stm32f303xc.o(.text) refers to entry.o(.ARM.Collect$$$$00000000) for __main
    measure.o(i.capacitorCheck) refers to stm32f3xx_hal_tim.o(i.HAL_TIM_Base_Start) for HAL_TIM_Base_Start
    measure.o(i.capacitorCheck) refers to stm32f3xx_hal_gpio.o(i.HAL_GPIO_WritePin) for HAL_GPIO_WritePin
    measure.o(i.capacitorCheck) refers to measure.o(i.readADC) for readADC
    measure.o(i.capacitorCheck) refers to stm32f3xx_hal_tim.o(i.HAL_TIM_Base_Stop) for HAL_TIM_Base_Stop
    measure.o(i.capacitorCheck) refers to tim.o(.bss) for htim2
    measure.o(i.capacitorCheck) refers to measure.o(.data) for .data
    measure.o(i.capacitorCheck) refers to measure.o(.bss) for .bss
    measure.o(i.capacitorInit) refers to measure.o(.data) for .data
    measure.o(i.connectionCheck) refers to measure.o(i.readADC) for readADC
    measure.o(i.connectionCheck) refers to measure.o(.bss) for .bss
    measure.o(i.connectionCheck) refers to measure.o(.data) for .data
    measure.o(i.currentCheck) refers to measure.o(i.readADC) for readADC
    measure.o(i.currentCheck) refers to measure.o(.bss) for .bss
    measure.o(i.currentCheck) refers to measure.o(.data) for .data
    measure.o(i.diodeCheck) refers to measure.o(i.readADC) for readADC
    measure.o(i.diodeCheck) refers to measure.o(.bss) for .bss
    measure.o(i.diodeCheck) refers to measure.o(.data) for .data
    measure.o(i.readADC) refers to stm32f3xx_hal_adc_ex.o(i.HAL_ADC_Start_DMA) for HAL_ADC_Start_DMA
    measure.o(i.readADC) refers to stm32f3xx_hal_adc_ex.o(i.HAL_ADC_PollForConversion) for HAL_ADC_PollForConversion
    measure.o(i.readADC) refers to stm32f3xx_hal.o(i.HAL_Delay) for HAL_Delay
    measure.o(i.readADC) refers to measure.o(.bss) for .bss
    measure.o(i.readADC) refers to measure.o(.data) for .data
    measure.o(i.readADC) refers to adc.o(.bss) for hadc3
    measure.o(i.readADC) refers to main.o(.data) for adcMeasureReady
[...]
    USART2_IRQHandler                        0x080001b7   Thumb Code     0  startup_stm32f303xc.o(.text)
    USART3_IRQHandler                        0x080001b7   Thumb Code     0  startup_stm32f303xc.o(.text)
    USBWakeUp_IRQHandler                     0x080001b7   Thumb Code     0  startup_stm32f303xc.o(.text)
    USBWakeUp_RMP_IRQHandler                 0x080001b7   Thumb Code     0  startup_stm32f303xc.o(.text)
    USB_HP_CAN_TX_IRQHandler                 0x080001b7   Thumb Code     0  startup_stm32f303xc.o(.text)
    USB_HP_IRQHandler                        0x080001b7   Thumb Code     0  startup_stm32f303xc.o(.text)
    USB_LP_IRQHandler                        0x080001b7   Thumb Code     0  startup_stm32f303xc.o(.text)
    WWDG_IRQHandler                          0x080001b7   Thumb Code     0  startup_stm32f303xc.o(.text)
    __aeabi_uldivmod                         0x080001c1   Thumb Code    98  uldiv.o(.text)
    __aeabi_llsr                             0x08000223   Thumb Code    32  llushr.o(.text)
    _ll_ushift_r                             0x08000223   Thumb Code     0  llushr.o(.text)
    __aeabi_memcpy                           0x08000243   Thumb Code    36  memcpya.o(.text)
    __aeabi_memcpy4                          0x08000243   Thumb Code     0  memcpya.o(.text)
    __aeabi_memcpy8                          0x08000243   Thumb Code     0  memcpya.o(.text)
    __aeabi_memset                           0x08000267   Thumb Code    14  memseta.o(.text)
    __aeabi_memset4                          0x08000267   Thumb Code     0  memseta.o(.text)
    __aeabi_memset8                          0x08000267   Thumb Code     0  memseta.o(.text)
    __aeabi_memclr                           0x08000275   Thumb Code     4  memseta.o(.text)
    __aeabi_memclr4                          0x08000275   Thumb Code     0  memseta.o(.text)
    __aeabi_memclr8                          0x08000275   Thumb Code     0  memseta.o(.text)
    _memset$wrapper                          0x08000279   Thumb Code    18  memseta.o(.text)
    __aeabi_dadd                             0x0800028b   Thumb Code   322  dadd.o(.text)
    __aeabi_dsub                             0x080003cd   Thumb Code     6  dadd.o(.text)
    __aeabi_drsub                            0x080003d3   Thumb Code     6  dadd.o(.text)
    __aeabi_dmul                             0x080003d9   Thumb Code   228  dmul.o(.text)
    __aeabi_ddiv                             0x080004bd   Thumb Code   222  ddiv.o(.text)
    __aeabi_i2d                              0x0800059b   Thumb Code    34  dflti.o(.text)
    __aeabi_d2uiz                            0x080005bd   Thumb Code    50  dfixui.o(.text)
    __aeabi_llsl                             0x080005ef   Thumb Code    30  llshl.o(.text)
    _ll_shift_l                              0x080005ef   Thumb Code     0  llshl.o(.text)
    __aeabi_lasr                             0x0800060d   Thumb Code    36  llsshr.o(.text)
    _ll_sshift_r                             0x0800060d   Thumb Code     0  llsshr.o(.text)
    __I$use$fp                               0x08000631   Thumb Code     0  iusefp.o(.text)
    _frnd                                    0x08000631   Thumb Code    60  frnd.o(.text)
    _double_round                            0x0800066d   Thumb Code    30  depilogue.o(.text)
    _double_epilogue                         0x0800068b   Thumb Code   156  depilogue.o(.text)
    _drnd                                    0x08000729   Thumb Code   132  drnd.o(.text)
    _ffix_r                                  0x080007b1   Thumb Code    76  ffixir.o(.text)
    __aeabi_cdcmpeq                          0x080007fd   Thumb Code     0  cdcmple.o(.text)
    __aeabi_cdcmple                          0x080007fd   Thumb Code    48  cdcmple.o(.text)
    __aeabi_cdrcmple                         0x0800082d   Thumb Code    48  cdrcmple.o(.text)
    __scatterload                            0x0800085d   Thumb Code    28  init.o(.text)
    __scatterload_rt2                        0x0800085d   Thumb Code     0  init.o(.text)
    _float_round                             0x08000881   Thumb Code    18  fepilogue.o(.text)
    _float_epilogue                          0x08000893   Thumb Code    92  fepilogue.o(.text)
    __aeabi_ui2d                             0x080008ef   Thumb Code    26  dfltui.o(.text)
    __aeabi_d2iz                             0x08000909   Thumb Code    62  dfixi.o(.text)
    __decompress                             0x08000947   Thumb Code     0  __dczerorl2.o(.text)
    __decompress1                            0x08000947   Thumb Code    86  __dczerorl2.o(.text)
    ADC3_IRQHandler                          0x0800099d   Thumb Code     6  stm32f3xx_it.o(i.ADC3_IRQHandler)
    BusFault_Handler                         0x08000acd   Thumb Code     2  stm32f3xx_it.o(i.BusFault_Handler)
    CDC_ReceiveCallBack                      0x08000afd   Thumb Code     6  main.o(i.CDC_ReceiveCallBack)
    CDC_Transmit_FS                          0x08000b29   Thumb Code    38  usbd_cdc_if.o(i.CDC_Transmit_FS)
    DMA1_Channel1_IRQHandler                 0x08000bb5   Thumb Code     6  stm32f3xx_it.o(i.DMA1_Channel1_IRQHandler)
    DMA1_Channel3_IRQHandler                 0x08000bc1   Thumb Code     6  stm32f3xx_it.o(i.DMA1_Channel3_IRQHandler)
    DMA2_Channel1_IRQHandler                 0x08000bcd   Thumb Code     6  stm32f3xx_it.o(i.DMA2_Channel1_IRQHandler)
    DMA2_Channel5_IRQHandler                 0x08000bd9   Thumb Code     6  stm32f3xx_it.o(i.DMA2_Channel5_IRQHandler)
    DebugMon_Handler                         0x08000c4b   Thumb Code     2  stm32f3xx_it.o(i.DebugMon_Handler)
    Error_Handler                            0x08000c4d   Thumb Code     2  main.o(i.Error_Handler)
    HAL_ADCEx_InjectedConvCpltCallback       0x08000c4f   Thumb Code     2  stm32f3xx_hal_adc_ex.o(i.HAL_ADCEx_InjectedConvCpltCallback)
    HAL_ADCEx_InjectedQueueOverflowCallback  0x08000c51   Thumb Code     2  stm32f3xx_hal_adc_ex.o(i.HAL_ADCEx_InjectedQueueOverflowCallback)
    HAL_ADCEx_LevelOutOfWindow2Callback      0x08000c53   Thumb Code     2  stm32f3xx_hal_adc_ex.o(i.HAL_ADCEx_LevelOutOfWindow2Callback)
    HAL_ADCEx_LevelOutOfWindow3Callback      0x08000c55   Thumb Code     2  stm32f3xx_hal_adc_ex.o(i.HAL_ADCEx_LevelOutOfWindow3Callback)
    HAL_ADCEx_MultiModeConfigChannel         0x08000c59   Thumb Code   258  stm32f3xx_hal_adc_ex.o(i.HAL_ADCEx_MultiModeConfigChannel)
    HAL_ADC_ConfigChannel                    0x08000d71   Thumb Code   884  stm32f3xx_hal_adc_ex.o(i.HAL_ADC_ConfigChannel)
    HAL_ADC_ConvCpltCallback                 0x08001105   Thumb Code    60  main.o(i.HAL_ADC_ConvCpltCallback)
    HAL_ADC_ConvHalfCpltCallback             0x08001151   Thumb Code     2  stm32f3xx_hal_adc.o(i.HAL_ADC_ConvHalfCpltCallback)
    HAL_ADC_ErrorCallback                    0x08001153   Thumb Code     2  stm32f3xx_hal_adc.o(i.HAL_ADC_ErrorCallback)
    HAL_ADC_IRQHandler                       0x08001155   Thumb Code   790  stm32f3xx_hal_adc_ex.o(i.HAL_ADC_IRQHandler)
    HAL_ADC_Init                             0x0800147d   Thumb Code   550  stm32f3xx_hal_adc_ex.o(i.HAL_ADC_Init)
    HAL_ADC_LevelOutOfWindowCallback         0x080016c9   Thumb Code     2  stm32f3xx_hal_adc.o(i.HAL_ADC_LevelOutOfWindowCallback)
    HAL_ADC_MspInit                          0x080016cd   Thumb Code   376  adc.o(i.HAL_ADC_MspInit)
    HAL_ADC_PollForConversion                0x08001869   Thumb Code   264  stm32f3xx_hal_adc_ex.o(i.HAL_ADC_PollForConversion)
    HAL_ADC_Start_DMA                        0x08001981   Thumb Code   306  stm32f3xx_hal_adc_ex.o(i.HAL_ADC_Start_DMA)
    HAL_DACEx_ConvCpltCallbackCh2            0x08001acd   Thumb Code     2  stm32f3xx_hal_dac_ex.o(i.HAL_DACEx_ConvCpltCallbackCh2)
    HAL_DACEx_ConvHalfCpltCallbackCh2        0x08001acf   Thumb Code     2  stm32f3xx_hal_dac_ex.o(i.HAL_DACEx_ConvHalfCpltCallbackCh2)
    HAL_DACEx_ErrorCallbackCh2               0x08001ad1   Thumb Code     2  stm32f3xx_hal_dac_ex.o(i.HAL_DACEx_ErrorCallbackCh2)
    HAL_DAC_ConfigChannel                    0x08001ad3   Thumb Code    66  stm32f3xx_hal_dac_ex.o(i.HAL_DAC_ConfigChannel)
    HAL_DAC_ConvCpltCallbackCh1              0x08001b15   Thumb Code     2  stm32f3xx_hal_dac.o(i.HAL_DAC_ConvCpltCallbackCh1)
    HAL_DAC_ConvHalfCpltCallbackCh1          0x08001b17   Thumb Code     2  stm32f3xx_hal_dac.o(i.HAL_DAC_ConvHalfCpltCallbackCh1)
    HAL_DAC_ErrorCallbackCh1                 0x08001b19   Thumb Code     2  stm32f3xx_hal_dac.o(i.HAL_DAC_ErrorCallbackCh1)
    HAL_DAC_Init                             0x08001b1b   Thumb Code    40  stm32f3xx_hal_dac.o(i.HAL_DAC_Init)
    HAL_DAC_MspInit                          0x08001b45   Thumb Code   136  dac.o(i.HAL_DAC_MspInit)
    HAL_DAC_Start_DMA                        0x08001be1   Thumb Code   232  stm32f3xx_hal_dac_ex.o(i.HAL_DAC_Start_DMA)
    HAL_DMA_Abort                            0x08001ce1   Thumb Code    70  stm32f3xx_hal_dma.o(i.HAL_DMA_Abort)
    HAL_DMA_Abort_IT                         0x08001d27   Thumb Code    74  stm32f3xx_hal_dma.o(i.HAL_DMA_Abort_IT)
    HAL_DMA_IRQHandler                       0x08001d71   Thumb Code   168  stm32f3xx_hal_dma.o(i.HAL_DMA_IRQHandler)
    HAL_DMA_Init                             0x08001e19   Thumb Code    78  stm32f3xx_hal_dma.o(i.HAL_DMA_Init)
    HAL_DMA_Start_IT                         0x08001e67   Thumb Code   112  stm32f3xx_hal_dma.o(i.HAL_DMA_Start_IT)
    HAL_Delay                                0x08001ed9   Thumb Code    32  stm32f3xx_hal.o(i.HAL_Delay)
    HAL_GPIO_Init                            0x08001efd   Thumb Code   412  stm32f3xx_hal_gpio.o(i.HAL_GPIO_Init)
    HAL_GPIO_ReadPin                         0x080020b5   Thumb Code    10  stm32f3xx_hal_gpio.o(i.HAL_GPIO_ReadPin)
    HAL_GPIO_TogglePin                       0x080020bf   Thumb Code    16  stm32f3xx_hal_gpio.o(i.HAL_GPIO_TogglePin)
    HAL_GPIO_WritePin                        0x080020cf   Thumb Code    10  stm32f3xx_hal_gpio.o(i.HAL_GPIO_WritePin)
    HAL_GetTick                              0x080020d9   Thumb Code     6  stm32f3xx_hal.o(i.HAL_GetTick)
    HAL_IncTick                              0x080020e5   Thumb Code    12  stm32f3xx_hal.o(i.HAL_IncTick)
    HAL_Init                                 0x080020f5   Thumb Code    32  stm32f3xx_hal.o(i.HAL_Init)
    HAL_InitTick                             0x08002119   Thumb Code    54  stm32f3xx_hal.o(i.HAL_InitTick)
    HAL_MspInit                              0x08002159   Thumb Code    44  stm32f3xx_hal_msp.o(i.HAL_MspInit)
    HAL_NVIC_EnableIRQ                       0x08002189   Thumb Code    26  stm32f3xx_hal_cortex.o(i.HAL_NVIC_EnableIRQ)
    HAL_NVIC_SetPriority                     0x080021a5   Thumb Code    60  stm32f3xx_hal_cortex.o(i.HAL_NVIC_SetPriority)
    HAL_NVIC_SetPriorityGrouping             0x080021e5   Thumb Code    26  stm32f3xx_hal_cortex.o(i.HAL_NVIC_SetPriorityGrouping)
    HAL_PCDEx_PMAConfig                      0x08002209   Thumb Code    60  stm32f3xx_hal_pcd_ex.o(i.HAL_PCDEx_PMAConfig)
    HAL_PCDEx_SetConnectionState             0x08002245   Thumb Code     2  usbd_conf.o(i.HAL_PCDEx_SetConnectionState)
    HAL_PCD_DataInStageCallback              0x08002247   Thumb Code    18  usbd_conf.o(i.HAL_PCD_DataInStageCallback)
    HAL_PCD_DataOutStageCallback             0x08002259   Thumb Code    20  usbd_conf.o(i.HAL_PCD_DataOutStageCallback)
    HAL_PCD_EP_Close                         0x0800226d   Thumb Code    76  stm32f3xx_hal_pcd.o(i.HAL_PCD_EP_Close)
    HAL_PCD_EP_ClrStall                      0x080022b9   Thumb Code    92  stm32f3xx_hal_pcd.o(i.HAL_PCD_EP_ClrStall)
    HAL_PCD_EP_GetRxCount                    0x0800261b   Thumb Code    18  stm32f3xx_hal_pcd.o(i.HAL_PCD_EP_GetRxCount)
    HAL_PCD_EP_Open                          0x0800262d   Thumb Code    96  stm32f3xx_hal_pcd.o(i.HAL_PCD_EP_Open)
    HAL_PCD_EP_Receive                       0x0800268d   Thumb Code    50  stm32f3xx_hal_pcd.o(i.HAL_PCD_EP_Receive)
    HAL_PCD_EP_SetStall                      0x080026bf   Thumb Code    96  stm32f3xx_hal_pcd.o(i.HAL_PCD_EP_SetStall)
    HAL_PCD_EP_Transmit                      0x0800271f   Thumb Code    52  stm32f3xx_hal_pcd.o(i.HAL_PCD_EP_Transmit)
    HAL_PCD_IRQHandler                       0x08002753   Thumb Code   256  stm32f3xx_hal_pcd.o(i.HAL_PCD_IRQHandler)
    HAL_PCD_Init                             0x08002853   Thumb Code   166  stm32f3xx_hal_pcd.o(i.HAL_PCD_Init)
    HAL_PCD_MspInit                          0x080028f9   Thumb Code   108  usbd_conf.o(i.HAL_PCD_MspInit)
    HAL_PCD_ResetCallback                    0x0800296d   Thumb Code    38  usbd_conf.o(i.HAL_PCD_ResetCallback)
    HAL_PCD_ResumeCallback                   0x08002993   Thumb Code     8  usbd_conf.o(i.HAL_PCD_ResumeCallback)
    HAL_PCD_SOFCallback                      0x0800299b   Thumb Code     8  usbd_conf.o(i.HAL_PCD_SOFCallback)
    HAL_PCD_SetAddress                       0x080029a3   Thumb Code    40  stm32f3xx_hal_pcd.o(i.HAL_PCD_SetAddress)
    HAL_PCD_SetupStageCallback               0x080029cb   Thumb Code    14  usbd_conf.o(i.HAL_PCD_SetupStageCallback)
    HAL_PCD_Start                            0x080029d9   Thumb Code    50  stm32f3xx_hal_pcd.o(i.HAL_PCD_Start)
    HAL_PCD_SuspendCallback                  0x08002a0d   Thumb Code    30  usbd_conf.o(i.HAL_PCD_SuspendCallback)
    HAL_RCCEx_PeriphCLKConfig                0x08002a31   Thumb Code   522  stm32f3xx_hal_rcc_ex.o(i.HAL_RCCEx_PeriphCLKConfig)
    HAL_RCC_ClockConfig                      0x08002c49   Thumb Code   308  stm32f3xx_hal_rcc.o(i.HAL_RCC_ClockConfig)
    HAL_RCC_GetPCLK1Freq                     0x08002d91   Thumb Code    34  stm32f3xx_hal_rcc.o(i.HAL_RCC_GetPCLK1Freq)
    HAL_RCC_GetPCLK2Freq                     0x08002dc1   Thumb Code    34  stm32f3xx_hal_rcc.o(i.HAL_RCC_GetPCLK2Freq)
    HAL_RCC_GetSysClockFreq                  0x08002df1   Thumb Code    92  stm32f3xx_hal_rcc.o(i.HAL_RCC_GetSysClockFreq)
    HAL_RCC_OscConfig                        0x08002e5d   Thumb Code  1480  stm32f3xx_hal_rcc.o(i.HAL_RCC_OscConfig)
    HAL_SYSTICK_Config                       0x08003425   Thumb Code    40  stm32f3xx_hal_cortex.o(i.HAL_SYSTICK_Config)
    HAL_TIMEx_Break2Callback                 0x0800344d   Thumb Code     2  stm32f3xx_hal_tim_ex.o(i.HAL_TIMEx_Break2Callback)
    HAL_TIMEx_BreakCallback                  0x0800344f   Thumb Code     2  stm32f3xx_hal_tim_ex.o(i.HAL_TIMEx_BreakCallback)
    HAL_TIMEx_CommutCallback                 0x08003451   Thumb Code     2  stm32f3xx_hal_tim_ex.o(i.HAL_TIMEx_CommutCallback)
    HAL_TIMEx_MasterConfigSynchronization    0x08003455   Thumb Code   124  stm32f3xx_hal_tim_ex.o(i.HAL_TIMEx_MasterConfigSynchronization)
    HAL_TIM_Base_Init                        0x080034e5   Thumb Code    98  stm32f3xx_hal_tim.o(i.HAL_TIM_Base_Init)
    HAL_TIM_Base_MspInit                     0x08003549   Thumb Code   286  tim.o(i.HAL_TIM_Base_MspInit)
    HAL_TIM_Base_Start                       0x08003685   Thumb Code    84  stm32f3xx_hal_tim.o(i.HAL_TIM_Base_Start)
    HAL_TIM_Base_Start_IT                    0x080036f1   Thumb Code    94  stm32f3xx_hal_tim.o(i.HAL_TIM_Base_Start_IT)
    HAL_TIM_Base_Stop                        0x08003769   Thumb Code    38  stm32f3xx_hal_tim.o(i.HAL_TIM_Base_Stop)
    HAL_TIM_Base_Stop_IT                     0x0800378f   Thumb Code    48  stm32f3xx_hal_tim.o(i.HAL_TIM_Base_Stop_IT)
    HAL_TIM_ConfigClockSource                0x080037c1   Thumb Code   214  stm32f3xx_hal_tim.o(i.HAL_TIM_ConfigClockSource)
    HAL_TIM_IC_CaptureCallback               0x0800389d   Thumb Code     2  stm32f3xx_hal_tim.o(i.HAL_TIM_IC_CaptureCallback)
    HAL_TIM_IRQHandler                       0x0800389f   Thumb Code   388  stm32f3xx_hal_tim.o(i.HAL_TIM_IRQHandler)
    HAL_TIM_MspPostInit                      0x08003a25   Thumb Code   110  tim.o(i.HAL_TIM_MspPostInit)
    HAL_TIM_OC_DelayElapsedCallback          0x08003a9d   Thumb Code     2  stm32f3xx_hal_tim.o(i.HAL_TIM_OC_DelayElapsedCallback)
    HAL_TIM_PWM_ConfigChannel                0x08003a9f   Thumb Code   286  stm32f3xx_hal_tim.o(i.HAL_TIM_PWM_ConfigChannel)
    HAL_TIM_PWM_Init                         0x08003bbd   Thumb Code    98  stm32f3xx_hal_tim.o(i.HAL_TIM_PWM_Init)
    HAL_TIM_PWM_MspInit                      0x08003c1f   Thumb Code     2  stm32f3xx_hal_tim.o(i.HAL_TIM_PWM_MspInit)
    HAL_TIM_PWM_PulseFinishedCallback        0x08003c21   Thumb Code     2  stm32f3xx_hal_tim.o(i.HAL_TIM_PWM_PulseFinishedCallback)
    HAL_TIM_PWM_Start                        0x08003c25   Thumb Code   218  stm32f3xx_hal_tim.o(i.HAL_TIM_PWM_Start)
    HAL_TIM_PeriodElapsedCallback            0x08003d21   Thumb Code   346  main.o(i.HAL_TIM_PeriodElapsedCallback)
    HAL_TIM_TriggerCallback                  0x08003ea9   Thumb Code     2  stm32f3xx_hal_tim.o(i.HAL_TIM_TriggerCallback)
    HAL_UARTEx_RxEventCallback               0x08003eab   Thumb Code     2  stm32f3xx_hal_uart.o(i.HAL_UARTEx_RxEventCallback)
    HAL_UARTEx_WakeupCallback                0x08003ead   Thumb Code     2  stm32f3xx_hal_uart_ex.o(i.HAL_UARTEx_WakeupCallback)
    HAL_UART_ErrorCallback                   0x08003eaf   Thumb Code     2  stm32f3xx_hal_uart.o(i.HAL_UART_ErrorCallback)
    HAL_UART_IRQHandler                      0x08003eb1   Thumb Code   558  stm32f3xx_hal_uart.o(i.HAL_UART_IRQHandler)
    HAL_UART_Init                            0x080040e9   Thumb Code   102  stm32f3xx_hal_uart.o(i.HAL_UART_Init)
    HAL_UART_MspInit                         0x08004151   Thumb Code   200  usart.o(i.HAL_UART_MspInit)
    HAL_UART_Receive_IT                      0x08004229   Thumb Code    62  stm32f3xx_hal_uart.o(i.HAL_UART_Receive_IT)
    HAL_UART_RxCpltCallback                  0x08004269   Thumb Code    48  main.o(i.HAL_UART_RxCpltCallback)
    HAL_UART_Transmit_IT                     0x080042a5   Thumb Code    94  stm32f3xx_hal_uart.o(i.HAL_UART_Transmit_IT)
    HAL_UART_TxCpltCallback                  0x0800430d   Thumb Code     2  stm32f3xx_hal_uart.o(i.HAL_UART_TxCpltCallback)
    HardFault_Handler                        0x0800430f   Thumb Code     2  stm32f3xx_it.o(i.HardFault_Handler)
    MX_ADC1_Init                             0x08004349   Thumb Code   148  adc.o(i.MX_ADC1_Init)
    MX_ADC2_Init                             0x080043e1   Thumb Code   128  adc.o(i.MX_ADC2_Init)
    MX_ADC3_Init                             0x08004469   Thumb Code   208  adc.o(i.MX_ADC3_Init)
    MX_DAC_Init                              0x08004541   Thumb Code    62  dac.o(i.MX_DAC_Init)
    MX_DMA_Init                              0x0800458d   Thumb Code   104  dma.o(i.MX_DMA_Init)
    MX_GPIO_Init                             0x080045f9   Thumb Code   188  gpio.o(i.MX_GPIO_Init)
    MX_TIM1_Init                             0x080046bd   Thumb Code   102  tim.o(i.MX_TIM1_Init)
    MX_TIM2_Init                             0x0800472d   Thumb Code   194  tim.o(i.MX_TIM2_Init)
    MX_TIM3_Init                             0x080047f5   Thumb Code   100  tim.o(i.MX_TIM3_Init)
    MX_TIM4_Init                             0x08004861   Thumb Code    98  tim.o(i.MX_TIM4_Init)
    MX_TIM6_Init                             0x080048cd   Thumb Code    66  tim.o(i.MX_TIM6_Init)
    MX_TIM7_Init                             0x08004919   Thumb Code    62  tim.o(i.MX_TIM7_Init)
    MX_TIM8_Init                             0x08004961   Thumb Code   108  tim.o(i.MX_TIM8_Init)
    MX_UART4_Init                            0x080049d5   Thumb Code    52  usart.o(i.MX_UART4_Init)
    MX_USART1_UART_Init                      0x08004a11   Thumb Code    52  usart.o(i.MX_USART1_UART_Init)
    MX_USB_DEVICE_Init                       0x08004a4d   Thumb Code    66  usb_device.o(i.MX_USB_DEVICE_Init)
    MemManage_Handler                        0x08004aa1   Thumb Code     2  stm32f3xx_it.o(i.MemManage_Handler)
    NMI_Handler                              0x08004aa3   Thumb Code     2  stm32f3xx_it.o(i.NMI_Handler)
    PendSV_Handler                           0x08004da1   Thumb Code     2  stm32f3xx_it.o(i.PendSV_Handler)
    SVC_Handler                              0x08004da3   Thumb Code     2  stm32f3xx_it.o(i.SVC_Handler)
    SysTick_Handler                          0x08004da5   Thumb Code     4  stm32f3xx_it.o(i.SysTick_Handler)
    SystemClock_Config                       0x08004da9   Thumb Code   114  main.o(i.SystemClock_Config)
    SystemInit                               0x08004e21   Thumb Code    22  system_stm32f3xx.o(i.SystemInit)
    TIM1_UP_TIM16_IRQHandler                 0x08004e3d   Thumb Code     6  stm32f3xx_it.o(i.TIM1_UP_TIM16_IRQHandler)
    TIM2_IRQHandler                          0x08004e49   Thumb Code     6  stm32f3xx_it.o(i.TIM2_IRQHandler)
    TIM3_IRQHandler                          0x08004e55   Thumb Code     6  stm32f3xx_it.o(i.TIM3_IRQHandler)
    TIM4_IRQHandler                          0x08004e61   Thumb Code     6  stm32f3xx_it.o(i.TIM4_IRQHandler)
    TIM8_BRK_IRQHandler                      0x08004e6d   Thumb Code     6  stm32f3xx_it.o(i.TIM8_BRK_IRQHandler)
    TIM8_CC_IRQHandler                       0x08004e79   Thumb Code     6  stm32f3xx_it.o(i.TIM8_CC_IRQHandler)
    TIM8_TRG_COM_IRQHandler                  0x08004e85   Thumb Code     6  stm32f3xx_it.o(i.TIM8_TRG_COM_IRQHandler)
    TIM8_UP_IRQHandler                       0x08004e91   Thumb Code     6  stm32f3xx_it.o(i.TIM8_UP_IRQHandler)
    TIM_Base_SetConfig                       0x08004e9d   Thumb Code   146  stm32f3xx_hal_tim.o(i.TIM_Base_SetConfig)
    TIM_CCxChannelCmd                        0x08004f4d   Thumb Code    26  stm32f3xx_hal_tim.o(i.TIM_CCxChannelCmd)
    TIM_ETR_SetConfig                        0x08004f67   Thumb Code    20  stm32f3xx_hal_tim.o(i.TIM_ETR_SetConfig)
    TIM_OC2_SetConfig                        0x08005029   Thumb Code   120  stm32f3xx_hal_tim.o(i.TIM_OC2_SetConfig)
    UART4_IRQHandler                         0x080052e5   Thumb Code     6  stm32f3xx_it.o(i.UART4_IRQHandler)
    UART_AdvFeatureConfig                    0x080052f1   Thumb Code   200  stm32f3xx_hal_uart.o(i.UART_AdvFeatureConfig)
    UART_CheckIdleState                      0x080053b9   Thumb Code    92  stm32f3xx_hal_uart.o(i.UART_CheckIdleState)
    UART_SetConfig                           0x08005551   Thumb Code   426  stm32f3xx_hal_uart.o(i.UART_SetConfig)
    UART_Start_Receive_IT                    0x08005719   Thumb Code   116  stm32f3xx_hal_uart.o(i.UART_Start_Receive_IT)
    UART_WaitOnFlagUntilTimeout              0x08005811   Thumb Code   164  stm32f3xx_hal_uart.o(i.UART_WaitOnFlagUntilTimeout)
    USART1_IRQHandler                        0x080058b5   Thumb Code     6  stm32f3xx_it.o(i.USART1_IRQHandler)
    USBD_CDC_GetDeviceQualifierDescriptor    0x0800599d   Thumb Code     8  usbd_cdc.o(i.USBD_CDC_GetDeviceQualifierDescriptor)
    USBD_CDC_ReceivePacket                   0x08005a61   Thumb Code    40  usbd_cdc.o(i.USBD_CDC_ReceivePacket)
    USBD_CDC_RegisterInterface               0x08005a89   Thumb Code    16  usbd_cdc.o(i.USBD_CDC_RegisterInterface)
    USBD_CDC_SetRxBuffer                     0x08005a99   Thumb Code    12  usbd_cdc.o(i.USBD_CDC_SetRxBuffer)
    USBD_CDC_SetTxBuffer                     0x08005aa5   Thumb Code    16  usbd_cdc.o(i.USBD_CDC_SetTxBuffer)
    USBD_CDC_TransmitPacket                  0x08005b61   Thumb Code    54  usbd_cdc.o(i.USBD_CDC_TransmitPacket)
    USBD_ClrClassConfig                      0x08005b97   Thumb Code    14  usbd_core.o(i.USBD_ClrClassConfig)
    USBD_CtlContinueRx                       0x08005ba5   Thumb Code    16  usbd_ioreq.o(i.USBD_CtlContinueRx)
    USBD_CtlContinueSendData                 0x08005bb5   Thumb Code    16  usbd_ioreq.o(i.USBD_CtlContinueSendData)
    USBD_CtlError                            0x08005bc5   Thumb Code    22  usbd_ctlreq.o(i.USBD_CtlError)
    USBD_CtlPrepareRx                        0x08005bdb   Thumb Code    30  usbd_ioreq.o(i.USBD_CtlPrepareRx)
    USBD_CtlReceiveStatus                    0x08005bf9   Thumb Code    22  usbd_ioreq.o(i.USBD_CtlReceiveStatus)
    USBD_CtlSendData                         0x08005c0f   Thumb Code    26  usbd_ioreq.o(i.USBD_CtlSendData)
    USBD_CtlSendStatus                       0x08005c29   Thumb Code    22  usbd_ioreq.o(i.USBD_CtlSendStatus)
    USBD_FS_ConfigStrDescriptor              0x08005c41   Thumb Code    16  usbd_desc.o(i.USBD_FS_ConfigStrDescriptor)
    USBD_FS_DeviceDescriptor                 0x08005c61   Thumb Code     8  usbd_desc.o(i.USBD_FS_DeviceDescriptor)
    USBD_FS_InterfaceStrDescriptor           0x08005c6d   Thumb Code    16  usbd_desc.o(i.USBD_FS_InterfaceStrDescriptor)
    USBD_FS_LangIDStrDescriptor              0x08005c91   Thumb Code     8  usbd_desc.o(i.USBD_FS_LangIDStrDescriptor)
    USBD_FS_ManufacturerStrDescriptor        0x08005c9d   Thumb Code    16  usbd_desc.o(i.USBD_FS_ManufacturerStrDescriptor)
    USBD_FS_ProductStrDescriptor             0x08005cc5   Thumb Code    16  usbd_desc.o(i.USBD_FS_ProductStrDescriptor)
    USBD_FS_SerialStrDescriptor              0x08005cf1   Thumb Code    48  usbd_desc.o(i.USBD_FS_SerialStrDescriptor)
    USBD_GetString                           0x08005e11   Thumb Code    72  usbd_ctlreq.o(i.USBD_GetString)
    USBD_Init                                0x08005e71   Thumb Code    42  usbd_core.o(i.USBD_Init)
    USBD_LL_ClearStallEP                     0x08005e9b   Thumb Code    18  usbd_conf.o(i.USBD_LL_ClearStallEP)
    USBD_LL_CloseEP                          0x08005ead   Thumb Code    18  usbd_conf.o(i.USBD_LL_CloseEP)
    USBD_LL_DataInStage                      0x08005ebf   Thumb Code   198  usbd_core.o(i.USBD_LL_DataInStage)
    USBD_LL_DataOutStage                     0x08005f85   Thumb Code   130  usbd_core.o(i.USBD_LL_DataOutStage)
    USBD_LL_GetRxDataSize                    0x08006007   Thumb Code     8  usbd_conf.o(i.USBD_LL_GetRxDataSize)
    USBD_LL_Init                             0x08006011   Thumb Code   118  usbd_conf.o(i.USBD_LL_Init)
    USBD_LL_IsStallEP                        0x08006091   Thumb Code    32  usbd_conf.o(i.USBD_LL_IsStallEP)
    USBD_LL_OpenEP                           0x080060b1   Thumb Code    24  usbd_conf.o(i.USBD_LL_OpenEP)
    USBD_LL_PrepareReceive                   0x080060c9   Thumb Code    18  usbd_conf.o(i.USBD_LL_PrepareReceive)
    USBD_LL_Reset                            0x080060db   Thumb Code    80  usbd_core.o(i.USBD_LL_Reset)
    USBD_LL_Resume                           0x0800612b   Thumb Code    20  usbd_core.o(i.USBD_LL_Resume)
    USBD_LL_SOF                              0x0800613f   Thumb Code    24  usbd_core.o(i.USBD_LL_SOF)
    USBD_LL_SetSpeed                         0x08006157   Thumb Code     6  usbd_core.o(i.USBD_LL_SetSpeed)
    USBD_LL_SetUSBAddress                    0x0800615d   Thumb Code    18  usbd_conf.o(i.USBD_LL_SetUSBAddress)
    USBD_LL_SetupStage                       0x0800616f   Thumb Code    90  usbd_core.o(i.USBD_LL_SetupStage)
    USBD_LL_StallEP                          0x080061c9   Thumb Code    18  usbd_conf.o(i.USBD_LL_StallEP)
    USBD_LL_Start                            0x080061db   Thumb Code    18  usbd_conf.o(i.USBD_LL_Start)
    USBD_LL_Suspend                          0x080061ed   Thumb Code    18  usbd_core.o(i.USBD_LL_Suspend)
    USBD_LL_Transmit                         0x080061ff   Thumb Code    18  usbd_conf.o(i.USBD_LL_Transmit)
    USBD_ParseSetupRequest                   0x08006211   Thumb Code    40  usbd_ctlreq.o(i.USBD_ParseSetupRequest)
    USBD_RegisterClass                       0x08006239   Thumb Code    16  usbd_core.o(i.USBD_RegisterClass)
    USBD_SetClassConfig                      0x08006249   Thumb Code    22  usbd_core.o(i.USBD_SetClassConfig)
    USBD_Start                               0x080062e5   Thumb Code    10  usbd_core.o(i.USBD_Start)
    USBD_StdDevReq                           0x080062ef   Thumb Code   274  usbd_ctlreq.o(i.USBD_StdDevReq)
    USBD_StdEPReq                            0x08006401   Thumb Code   336  usbd_ctlreq.o(i.USBD_StdEPReq)
    USBD_StdItfReq                           0x08006551   Thumb Code    78  usbd_ctlreq.o(i.USBD_StdItfReq)
    USBD_static_free                         0x0800659f   Thumb Code     2  usbd_conf.o(i.USBD_static_free)
    USBD_static_malloc                       0x080065a1   Thumb Code     4  usbd_conf.o(i.USBD_static_malloc)
    USB_ActivateEndpoint                     0x080065a9   Thumb Code   600  stm32f3xx_ll_usb.o(i.USB_ActivateEndpoint)
    USB_DeactivateEndpoint                   0x08006801   Thumb Code   270  stm32f3xx_ll_usb.o(i.USB_DeactivateEndpoint)
    USB_DevConnect                           0x0800690f   Thumb Code     4  stm32f3xx_ll_usb.o(i.USB_DevConnect)
    USB_DevInit                              0x08006913   Thumb Code    18  stm32f3xx_ll_usb.o(i.USB_DevInit)
    USB_DisableGlobalInt                     0x08006925   Thumb Code    14  stm32f3xx_ll_usb.o(i.USB_DisableGlobalInt)
    USB_EPClearStall                         0x08006933   Thumb Code   120  stm32f3xx_ll_usb.o(i.USB_EPClearStall)
    USB_EPSetStall                           0x080069ab   Thumb Code    50  stm32f3xx_ll_usb.o(i.USB_EPSetStall)
    USB_EPStartXfer                          0x080069dd   Thumb Code  1230  stm32f3xx_ll_usb.o(i.USB_EPStartXfer)
    USB_EnableGlobalInt                      0x08006eab   Thumb Code    18  stm32f3xx_ll_usb.o(i.USB_EnableGlobalInt)
    USB_LP_CAN_RX0_IRQHandler                0x08006ebd   Thumb Code     6  stm32f3xx_it.o(i.USB_LP_CAN_RX0_IRQHandler)
    USB_ReadInterrupts                       0x08006ec9   Thumb Code     6  stm32f3xx_ll_usb.o(i.USB_ReadInterrupts)
    USB_ReadPMA                              0x08006ed1   Thumb Code    44  stm32f3xx_ll_usb.o(i.USB_ReadPMA)
    USB_SetDevAddress                        0x08006efd   Thumb Code    12  stm32f3xx_ll_usb.o(i.USB_SetDevAddress)
    USB_WritePMA                             0x08006f09   Thumb Code    38  stm32f3xx_ll_usb.o(i.USB_WritePMA)
    UsageFault_Handler                       0x08006f2f   Thumb Code     2  stm32f3xx_it.o(i.UsageFault_Handler)
    __ARM_fpclassify                         0x08006f31   Thumb Code    48  fpclassify.o(i.__ARM_fpclassify)
    __hardfp_lroundf                         0x08006f81   Thumb Code   194  lroundf.o(i.__hardfp_lroundf)
    __hardfp_round                           0x08007049   Thumb Code   194  round.o(i.__hardfp_round)
    __hardfp_sin                             0x08007129   Thumb Code   180  sin.o(i.__hardfp_sin)
    __ieee754_rem_pio2                       0x080071f1   Thumb Code   938  rred.o(i.__ieee754_rem_pio2)
    __kernel_cos                             0x08007629   Thumb Code   322  cos_i.o(i.__kernel_cos)
    __kernel_poly                            0x08007799   Thumb Code   248  poly.o(i.__kernel_poly)
    __kernel_sin                             0x08007891   Thumb Code   280  sin_i.o(i.__kernel_sin)
    __mathlib_dbl_infnan                     0x080079c1   Thumb Code    20  dunder.o(i.__mathlib_dbl_infnan)
    __mathlib_dbl_invalid                    0x080079d9   Thumb Code    24  dunder.o(i.__mathlib_dbl_invalid)
    __mathlib_dbl_underflow                  0x080079f9   Thumb Code    24  dunder.o(i.__mathlib_dbl_underflow)
    __scatterload_copy                       0x08007a19   Thumb Code    14  handlers.o(i.__scatterload_copy)
    __scatterload_null                       0x08007a27   Thumb Code     2  handlers.o(i.__scatterload_null)
    __scatterload_zeroinit                   0x08007a29   Thumb Code    14  handlers.o(i.__scatterload_zeroinit)
    __set_errno                              0x08007a39   Thumb Code     6  errno.o(i.__set_errno)
    calcAnalogSampleFreq                     0x08007a45   Thumb Code   188  main.o(i.calcAnalogSampleFreq)
    capacitorCheck                           0x08007b09   Thumb Code   120  measure.o(i.capacitorCheck)
    capacitorInit                            0x08007b8d   Thumb Code     6  measure.o(i.capacitorInit)
    checkForIncomingData                     0x08007b99   Thumb Code   904  main.o(i.checkForIncomingData)
    connectionCheck                          0x08007f35   Thumb Code    34  measure.o(i.connectionCheck)
    currentCheck                             0x08007f61   Thumb Code    18  measure.o(i.currentCheck)
    dacInit                                  0x08007f7d   Thumb Code    42  digitaltoanalog.o(i.dacInit)
    dacStop                                  0x08007fad   Thumb Code     2  digitaltoanalog.o(i.dacStop)
    diodeCheck                               0x08007fb1   Thumb Code    18  measure.o(i.diodeCheck)
    fabs                                     0x08007fcd   Thumb Code    24  fabs.o(i.fabs)
    fillValueDac                             0x08007fe5   Thumb Code   152  digitaltoanalog.o(i.fillValueDac)
    handleIncomingData                       0x08008099   Thumb Code   868  main.o(i.handleIncomingData)
    ledBlink                                 0x08008425   Thumb Code   192  main.o(i.ledBlink)
    main                                     0x080084ed   Thumb Code  3006  main.o(i.main)
    makeWaveDac                              0x080090b9   Thumb Code    86  digitaltoanalog.o(i.makeWaveDac)
    readADC                                  0x08009119   Thumb Code    48  measure.o(i.readADC)
    resistorCheck                            0x08009159   Thumb Code   106  measure.o(i.resistorCheck)
    resistorInit                             0x080091d1   Thumb Code     6  measure.o(i.resistorInit)
    setADtimer                               0x080091dd   Thumb Code    46  main.o(i.setADtimer)
    voltageOutInit                           0x08009211   Thumb Code    38  digitaltoanalog.o(i.voltageOutInit)
    voltageOutStop                           0x08009241   Thumb Code    28  digitaltoanalog.o(i.voltageOutStop)
    aPLLMULFactorTable                       0x08009260   Data          16  stm32f3xx_hal_rcc.o(.constdata)
    aPredivFactorTable                       0x08009270   Data          16  stm32f3xx_hal_rcc.o(.constdata)
    AHBPrescTable                            0x08009280   Data          16  system_stm32f3xx.o(.constdata)
    APBPrescTable                            0x08009290   Data           8  system_stm32f3xx.o(.constdata)
    Region$$Table$$Base                      0x080093b8   Number         0  anon$$obj.o(Region$$Table)
    Region$$Table$$Limit                     0x080093f8   Number         0  anon$$obj.o(Region$$Table)
    connected                                0x10000000   Data           1  measure.o(.data)
    resistorChannel                          0x10000001   Data           1  measure.o(.data)
    capacitorChannel                         0x10000002   Data           1  measure.o(.data)
    ADC_valConnection                        0x10000004   Data           2  measure.o(.data)
    ADC_valDiode                             0x10000006   Data           2  measure.o(.data)
    ADC_valResistor                          0x10000008   Data           2  measure.o(.data)
    ADC_valCapacitor                         0x1000000a   Data           2  measure.o(.data)
    ADC_valCurrent                           0x1000000c   Data           2  measure.o(.data)
    resistorRiseTime                         0x1000000e   Data           2  measure.o(.data)
    theTemp                                  0x10000010   Data           4  measure.o(.data)
    capacitorRiseTime                        0x10000014   Data           4  measure.o(.data)
    flagg                                    0x10000018   Data           4  measure.o(.data)
    SystemCoreClock                          0x10000020   Data           4  system_stm32f3xx.o(.data)
    USBD_LangIDDesc                          0x10000024   Data           4  usbd_desc.o(.data)
    USBD_FS_DeviceDesc                       0x10000028   Data          18  usbd_desc.o(.data)
    USBD_StringSerial                        0x1000003c   Data          26  usbd_desc.o(.data)
    USBD_CDC_CfgHSDesc                       0x10000064   Data          67  usbd_cdc.o(.data)
    USBD_CDC_CfgFSDesc                       0x100000a8   Data          67  usbd_cdc.o(.data)
    USBD_CDC_OtherSpeedCfgDesc               0x100000ec   Data          67  usbd_cdc.o(.data)
    arrayADC                                 0x10000134   Data          20  measure.o(.bss)
    hadc1                                    0x10000148   Data          80  adc.o(.bss)
    hadc2                                    0x10000198   Data          80  adc.o(.bss)
    hadc3                                    0x100001e8   Data          80  adc.o(.bss)
    hdma_adc1                                0x10000238   Data          68  adc.o(.bss)
    hdma_adc2                                0x1000027c   Data          68  adc.o(.bss)
    hdma_adc3                                0x100002c0   Data          68  adc.o(.bss)
    hdac                                     0x10000304   Data          20  dac.o(.bss)
    hdma_dac_ch1                             0x10000318   Data          68  dac.o(.bss)
    htim1                                    0x1000035c   Data          76  tim.o(.bss)
    htim2                                    0x100003a8   Data          76  tim.o(.bss)
    htim3                                    0x100003f4   Data          76  tim.o(.bss)
    htim4                                    0x10000440   Data          76  tim.o(.bss)
    htim6                                    0x1000048c   Data          76  tim.o(.bss)
    htim7                                    0x100004d8   Data          76  tim.o(.bss)
    htim8                                    0x10000524   Data          76  tim.o(.bss)
    hUsbDeviceFS                             0x10000570   Data         708  usb_device.o(.bss)
    UserRxBufferFS                           0x10000834   Data        1000  usbd_cdc_if.o(.bss)
    UserTxBufferFS                           0x10000c1c   Data        1000  usbd_cdc_if.o(.bss)
    hpcd_USB_FS                              0x10001224   Data         748  usbd_conf.o(.bss)
    dacWaveType                              0x20000000   Data           2  digitaltoanalog.o(.data)
    analogVoltageOut                         0x20000004   Data           8  digitaltoanalog.o(.data)
    dacShift                                 0x2000000c   Data           8  digitaltoanalog.o(.data)
    dacFreq                                  0x20000014   Data           8  digitaltoanalog.o(.data)
    dacVoltage                               0x2000001c   Data           8  digitaltoanalog.o(.data)
    dacVal                                   0x20000024   Data         512  digitaltoanalog.o(.data)
    blink                                    0x20000224   Data           1  main.o(.data)
    connectionState                          0x20000225   Data           1  main.o(.data)
    dataMode                                 0x20000226   Data           1  main.o(.data)
    wifiChar                                 0x20000227   Data           1  main.o(.data)
    blinkNum                                 0x20000228   Data           4  main.o(.data)
    newTest                                  0x2000022c   Data           4  main.o(.data)
    tempADC1                                 0x20000230   Data           4  main.o(.data)
    tempADC2                                 0x20000234   Data           4  main.o(.data)
    test1                                    0x20000238   Data           4  main.o(.data)
    test2                                    0x2000023c   Data           4  main.o(.data)
    lastTemp                                 0x20000240   Data           4  main.o(.data)
    packetNumberWifi                         0x20000244   Data           4  main.o(.data)
    packetNumberUsb                          0x20000248   Data           4  main.o(.data)
    wifiDataLength                           0x2000024c   Data           4  main.o(.data)
    writingSendDataIndex                     0x20000250   Data           4  main.o(.data)
    readingSendDataIndex                     0x20000254   Data           4  main.o(.data)
    adcMeasureReady                          0x20000258   Data           4  main.o(.data)
    analogDataReadyCh1                       0x2000025c   Data           4  main.o(.data)
    analogDataReadyCh2                       0x20000260   Data           4  main.o(.data)
    analogDataNumberADC1                     0x20000264   Data           4  main.o(.data)
    analogDataNumberADC2                     0x20000268   Data           4  main.o(.data)
    analogOddNumberADC1                      0x2000026c   Data           4  main.o(.data)
    analogOddNumberADC2                      0x20000270   Data           4  main.o(.data)
    digitalDataReady                         0x20000274   Data           4  main.o(.data)
    digitalIndex                             0x20000278   Data           4  main.o(.data)
    stopMode                                 0x2000027c   Data           4  main.o(.data)
    digitalFreqMax                           0x20000280   Data           4  main.o(.data)
    digitalBytesMax                          0x20000284   Data           4  main.o(.data)
    analogSampleFreqMax                      0x20000288   Data           8  main.o(.data)
    analogBytesMax                           0x20000290   Data           8  main.o(.data)
    uwTickFreq                               0x20000298   Data           1  stm32f3xx_hal.o(.data)
    uwTickPrio                               0x2000029c   Data           4  stm32f3xx_hal.o(.data)
    uwTick                                   0x200002a0   Data           4  stm32f3xx_hal.o(.data)
    FS_Desc                                  0x200002a4   Data          28  usbd_desc.o(.data)
    USBD_Interface_fops_FS                   0x200002c0   Data          16  usbd_cdc_if.o(.data)
    USBD_CDC                                 0x200002d4   Data          56  usbd_cdc.o(.data)
    sendData                                 0x2000030c   Data        8080  main.o(.bss)
    wifiData                                 0x2000229c   Data          30  main.o(.bss)
    analogFreq                               0x200022bc   Data          16  main.o(.bss)
    analogSamples                            0x200022cc   Data          16  main.o(.bss)
    analogSampleFreq                         0x200022dc   Data          16  main.o(.bss)
    analogBytes                              0x200022ec   Data          16  main.o(.bss)
    analogByteADC1                           0x200022fc   Data        4004  main.o(.bss)
    analogByteADC2                           0x200032a0   Data        4004  main.o(.bss)
    digitalFreq                              0x20004244   Data          16  main.o(.bss)
    digitalBytes                             0x20004254   Data          16  main.o(.bss)
    digitalByteCH1                           0x20004264   Data        1001  main.o(.bss)
    digitalByteCH2                           0x2000464d   Data        1001  main.o(.bss)
    digitalByteCH3                           0x20004a36   Data        1001  main.o(.bss)
    digitalByteCH4                           0x20004e1f   Data        1001  main.o(.bss)
    huart4                                   0x20005208   Data         132  usart.o(.bss)
    huart1                                   0x2000528c   Data         132  usart.o(.bss)
    USBD_StrDesc                             0x20005310   Data         512  usbd_desc.o(.bss)
    __initial_sp                             0x20009510   Data           0  startup_stm32f303xc.o(STACK)



==============================================================================

Memory Map of the image

  Image Entry point : 0x08000189

  Load Region LR_IROM1 (Base: 0x08000000, Size: 0x00009838, Max: 0x00040000, ABSOLUTE, COMPRESSED[0x000094c8])

    Execution Region ER_IROM1 (Exec base: 0x08000000, Load base: 0x08000000, Size: 0x000093f8, Max: 0x00040000, ABSOLUTE)

    Exec Addr    Load Addr    Size         Type   Attr      Idx    E Section Name        Object

    0x08000000   0x08000000   0x00000188   Data   RO            3    RESET               startup_stm32f303xc.o
    0x08000188   0x08000188   0x00000000   Code   RO         5888  * .ARM.Collect$$$$00000000  mc_w.l(entry.o)
    0x08000188   0x08000188   0x00000004   Code   RO         5939    .ARM.Collect$$$$00000001  mc_w.l(entry2.o)
    0x0800018c   0x0800018c   0x00000004   Code   RO         5942    .ARM.Collect$$$$00000004  mc_w.l(entry5.o)
    0x08000190   0x08000190   0x00000000   Code   RO         5944    .ARM.Collect$$$$00000008  mc_w.l(entry7b.o)
    0x08000190   0x08000190   0x00000000   Code   RO         5946    .ARM.Collect$$$$0000000A  mc_w.l(entry8b.o)
    0x08000190   0x08000190   0x00000008   Code   RO         5947    .ARM.Collect$$$$0000000B  mc_w.l(entry9a.o)
    0x08000198   0x08000198   0x00000000   Code   RO         5949    .ARM.Collect$$$$0000000D  mc_w.l(entry10a.o)
    0x08000198   0x08000198   0x00000000   Code   RO         5951    .ARM.Collect$$$$0000000F  mc_w.l(entry11a.o)
    0x08000198   0x08000198   0x00000004   Code   RO         5940    .ARM.Collect$$$$00002712  mc_w.l(entry2.o)
    0x0800019c   0x0800019c   0x00000024   Code   RO            4    .text               startup_stm32f303xc.o
    0x080001c0   0x080001c0   0x00000062   Code   RO         5891    .text               mc_w.l(uldiv.o)
    0x08000222   0x08000222   0x00000020   Code   RO         5893    .text               mc_w.l(llushr.o)
    0x08000242   0x08000242   0x00000024   Code   RO         5895    .text               mc_w.l(memcpya.o)
    0x08000266   0x08000266   0x00000024   Code   RO         5897    .text               mc_w.l(memseta.o)
    0x0800028a   0x0800028a   0x0000014e   Code   RO         5901    .text               mf_w.l(dadd.o)
    0x080003d8   0x080003d8   0x000000e4   Code   RO         5903    .text               mf_w.l(dmul.o)
    0x080004bc   0x080004bc   0x000000de   Code   RO         5905    .text               mf_w.l(ddiv.o)
    0x0800059a   0x0800059a   0x00000022   Code   RO         5907    .text               mf_w.l(dflti.o)
    0x080005bc   0x080005bc   0x00000032   Code   RO         5909    .text               mf_w.l(dfixui.o)
    0x080005ee   0x080005ee   0x0000001e   Code   RO         5953    .text               mc_w.l(llshl.o)
    0x0800060c   0x0800060c   0x00000024   Code   RO         5955    .text               mc_w.l(llsshr.o)
    0x08000630   0x08000630   0x00000000   Code   RO         5964    .text               mc_w.l(iusefp.o)
    0x08000630   0x08000630   0x0000003c   Code   RO         5965    .text               mf_w.l(frnd.o)
    0x0800066c   0x0800066c   0x000000ba   Code   RO         5967    .text               mf_w.l(depilogue.o)
    0x08000726   0x08000726   0x00000002   PAD
    0x08000728   0x08000728   0x00000088   Code   RO         5971    .text               mf_w.l(drnd.o)
    0x080007b0   0x080007b0   0x0000004c   Code   RO         5973    .text               mf_w.l(ffixir.o)
    0x080007fc   0x080007fc   0x00000030   Code   RO         5975    .text               mf_w.l(cdcmple.o)
    0x0800082c   0x0800082c   0x00000030   Code   RO         5977    .text               mf_w.l(cdrcmple.o)
    0x0800085c   0x0800085c   0x00000024   Code   RO         5989    .text               mc_w.l(init.o)
    0x08000880   0x08000880   0x0000006e   Code   RO         5991    .text               mf_w.l(fepilogue.o)
    0x080008ee   0x080008ee   0x0000001a   Code   RO         5993    .text               mf_w.l(dfltui.o)
    0x08000908   0x08000908   0x0000003e   Code   RO         5995    .text               mf_w.l(dfixi.o)
    0x08000946   0x08000946   0x00000056   Code   RO         6005    .text               mc_w.l(__dczerorl2.o)
    0x0800099c   0x0800099c   0x0000000c   Code   RO          805    i.ADC3_IRQHandler   stm32f3xx_it.o
    0x080009a8   0x080009a8   0x00000044   Code   RO         3093    i.ADC_DMAConvCplt   stm32f3xx_hal_adc_ex.o
    0x080009ec   0x080009ec   0x00000016   Code   RO         3094    i.ADC_DMAError      stm32f3xx_hal_adc_ex.o
    0x08000a02   0x08000a02   0x00000006   Code   RO         3095    i.ADC_DMAHalfConvCplt  stm32f3xx_hal_adc_ex.o
    0x08000a08   0x08000a08   0x00000062   Code   RO         3096    i.ADC_Disable       stm32f3xx_hal_adc_ex.o
    0x08000a6a   0x08000a6a   0x00000002   PAD
    0x08000a6c   0x08000a6c   0x00000060   Code   RO         3097    i.ADC_Enable        stm32f3xx_hal_adc_ex.o
    0x08000acc   0x08000acc   0x00000002   Code   RO          806    i.BusFault_Handler  stm32f3xx_it.o
    0x08000ace   0x08000ace   0x00000004   Code   RO         5228    i.CDC_Control_FS    usbd_cdc_if.o
    0x08000ad2   0x08000ad2   0x00000004   Code   RO         5229    i.CDC_DeInit_FS     usbd_cdc_if.o
    0x08000ad6   0x08000ad6   0x00000002   PAD
    0x08000ad8   0x08000ad8   0x00000024   Code   RO         5230    i.CDC_Init_FS       usbd_cdc_if.o
    0x08000afc   0x08000afc   0x00000006   Code   RO          382    i.CDC_ReceiveCallBack  main.o
    0x08000b02   0x08000b02   0x00000002   PAD
    0x08000b04   0x08000b04   0x00000024   Code   RO         5232    i.CDC_Receive_FS    usbd_cdc_if.o
    0x08000b28   0x08000b28   0x0000002c   Code   RO         5233    i.CDC_Transmit_FS   usbd_cdc_if.o
    0x08000b54   0x08000b54   0x00000010   Code   RO         3482    i.DAC_DMAConvCpltCh1  stm32f3xx_hal_dac_ex.o
    0x08000b64   0x08000b64   0x00000010   Code   RO         3483    i.DAC_DMAConvCpltCh2  stm32f3xx_hal_dac_ex.o
    0x08000b74   0x08000b74   0x00000018   Code   RO         3484    i.DAC_DMAErrorCh1   stm32f3xx_hal_dac_ex.o
    0x08000b8c   0x08000b8c   0x00000018   Code   RO         3485    i.DAC_DMAErrorCh2   stm32f3xx_hal_dac_ex.o
    0x08000ba4   0x08000ba4   0x00000006   Code   RO         3486    i.DAC_DMAHalfConvCpltCh1  stm32f3xx_hal_dac_ex.o
    0x08000baa   0x08000baa   0x0000000a   Code   RO         3487    i.DAC_DMAHalfConvCpltCh2  stm32f3xx_hal_dac_ex.o
    0x08000bb4   0x08000bb4   0x0000000c   Code   RO          807    i.DMA1_Channel1_IRQHandler  stm32f3xx_it.o
    0x08000bc0   0x08000bc0   0x0000000c   Code   RO          808    i.DMA1_Channel3_IRQHandler  stm32f3xx_it.o
    0x08000bcc   0x08000bcc   0x0000000c   Code   RO          809    i.DMA2_Channel1_IRQHandler  stm32f3xx_it.o
    0x08000bd8   0x08000bd8   0x0000000c   Code   RO          810    i.DMA2_Channel5_IRQHandler  stm32f3xx_it.o
    0x08000be4   0x08000be4   0x0000003c   Code   RO         1793    i.DMA_CalcBaseAndBitshift  stm32f3xx_hal_dma.o
    0x08000c20   0x08000c20   0x0000002a   Code   RO         1794    i.DMA_SetConfig     stm32f3xx_hal_dma.o
    0x08000c4a   0x08000c4a   0x00000002   Code   RO          811    i.DebugMon_Handler  stm32f3xx_it.o
    0x08000c4c   0x08000c4c   0x00000002   Code   RO          383    i.Error_Handler     main.o
    0x08000c4e   0x08000c4e   0x00000002   Code   RO         3102    i.HAL_ADCEx_InjectedConvCpltCallback  stm32f3xx_hal_adc_ex.o
    0x08000c50   0x08000c50   0x00000002   Code   RO         3105    i.HAL_ADCEx_InjectedQueueOverflowCallback  stm32f3xx_hal_adc_ex.o
    0x08000c52   0x08000c52   0x00000002   Code   RO         3110    i.HAL_ADCEx_LevelOutOfWindow2Callback  stm32f3xx_hal_adc_ex.o
    0x08000c54   0x08000c54   0x00000002   Code   RO         3111    i.HAL_ADCEx_LevelOutOfWindow3Callback  stm32f3xx_hal_adc_ex.o
    0x08000c56   0x08000c56   0x00000002   PAD
    0x08000c58   0x08000c58   0x00000118   Code   RO         3112    i.HAL_ADCEx_MultiModeConfigChannel  stm32f3xx_hal_adc_ex.o
    0x08000d70   0x08000d70   0x00000394   Code   RO         3121    i.HAL_ADC_ConfigChannel  stm32f3xx_hal_adc_ex.o
    0x08001104   0x08001104   0x0000004c   Code   RO          384    i.HAL_ADC_ConvCpltCallback  main.o
    0x08001150   0x08001150   0x00000002   Code   RO         2945    i.HAL_ADC_ConvHalfCpltCallback  stm32f3xx_hal_adc.o
    0x08001152   0x08001152   0x00000002   Code   RO         2947    i.HAL_ADC_ErrorCallback  stm32f3xx_hal_adc.o
    0x08001154   0x08001154   0x00000328   Code   RO         3124    i.HAL_ADC_IRQHandler  stm32f3xx_hal_adc_ex.o
    0x0800147c   0x0800147c   0x0000024c   Code   RO         3125    i.HAL_ADC_Init      stm32f3xx_hal_adc_ex.o
    0x080016c8   0x080016c8   0x00000002   Code   RO         2953    i.HAL_ADC_LevelOutOfWindowCallback  stm32f3xx_hal_adc.o
    0x080016ca   0x080016ca   0x00000002   PAD
    0x080016cc   0x080016cc   0x0000019c   Code   RO          553    i.HAL_ADC_MspInit   adc.o
    0x08001868   0x08001868   0x00000118   Code   RO         3126    i.HAL_ADC_PollForConversion  stm32f3xx_hal_adc_ex.o
    0x08001980   0x08001980   0x0000014c   Code   RO         3129    i.HAL_ADC_Start_DMA  stm32f3xx_hal_adc_ex.o
    0x08001acc   0x08001acc   0x00000002   Code   RO         3488    i.HAL_DACEx_ConvCpltCallbackCh2  stm32f3xx_hal_dac_ex.o
    0x08001ace   0x08001ace   0x00000002   Code   RO         3489    i.HAL_DACEx_ConvHalfCpltCallbackCh2  stm32f3xx_hal_dac_ex.o
    0x08001ad0   0x08001ad0   0x00000002   Code   RO         3493    i.HAL_DACEx_ErrorCallbackCh2  stm32f3xx_hal_dac_ex.o
    0x08001ad2   0x08001ad2   0x00000042   Code   RO         3496    i.HAL_DAC_ConfigChannel  stm32f3xx_hal_dac_ex.o
    0x08001b14   0x08001b14   0x00000002   Code   RO         3359    i.HAL_DAC_ConvCpltCallbackCh1  stm32f3xx_hal_dac.o
    0x08001b16   0x08001b16   0x00000002   Code   RO         3360    i.HAL_DAC_ConvHalfCpltCallbackCh1  stm32f3xx_hal_dac.o
    0x08001b18   0x08001b18   0x00000002   Code   RO         3363    i.HAL_DAC_ErrorCallbackCh1  stm32f3xx_hal_dac.o
    0x08001b1a   0x08001b1a   0x00000028   Code   RO         3367    i.HAL_DAC_Init      stm32f3xx_hal_dac.o
    0x08001b42   0x08001b42   0x00000002   PAD
    0x08001b44   0x08001b44   0x0000009c   Code   RO          608    i.HAL_DAC_MspInit   dac.o
    0x08001be0   0x08001be0   0x00000100   Code   RO         3501    i.HAL_DAC_Start_DMA  stm32f3xx_hal_dac_ex.o
    0x08001ce0   0x08001ce0   0x00000046   Code   RO         1795    i.HAL_DMA_Abort     stm32f3xx_hal_dma.o
    0x08001d26   0x08001d26   0x0000004a   Code   RO         1796    i.HAL_DMA_Abort_IT  stm32f3xx_hal_dma.o
    0x08001d70   0x08001d70   0x000000a8   Code   RO         1800    i.HAL_DMA_IRQHandler  stm32f3xx_hal_dma.o
    0x08001e18   0x08001e18   0x0000004e   Code   RO         1801    i.HAL_DMA_Init      stm32f3xx_hal_dma.o
    0x08001e66   0x08001e66   0x00000070   Code   RO         1805    i.HAL_DMA_Start_IT  stm32f3xx_hal_dma.o
    0x08001ed6   0x08001ed6   0x00000002   PAD
    0x08001ed8   0x08001ed8   0x00000024   Code   RO         1413    i.HAL_Delay         stm32f3xx_hal.o
    0x08001efc   0x08001efc   0x000001b8   Code   RO         1730    i.HAL_GPIO_Init     stm32f3xx_hal_gpio.o
    0x080020b4   0x080020b4   0x0000000a   Code   RO         1732    i.HAL_GPIO_ReadPin  stm32f3xx_hal_gpio.o
    0x080020be   0x080020be   0x00000010   Code   RO         1733    i.HAL_GPIO_TogglePin  stm32f3xx_hal_gpio.o
    0x080020ce   0x080020ce   0x0000000a   Code   RO         1734    i.HAL_GPIO_WritePin  stm32f3xx_hal_gpio.o
    0x080020d8   0x080020d8   0x0000000c   Code   RO         1417    i.HAL_GetTick       stm32f3xx_hal.o
    0x080020e4   0x080020e4   0x00000010   Code   RO         1423    i.HAL_IncTick       stm32f3xx_hal.o
    0x080020f4   0x080020f4   0x00000024   Code   RO         1424    i.HAL_Init          stm32f3xx_hal.o
    0x08002118   0x08002118   0x00000040   Code   RO         1425    i.HAL_InitTick      stm32f3xx_hal.o
    0x08002158   0x08002158   0x00000030   Code   RO          977    i.HAL_MspInit       stm32f3xx_hal_msp.o
    0x08002188   0x08002188   0x0000001a   Code   RO         1898    i.HAL_NVIC_EnableIRQ  stm32f3xx_hal_cortex.o
    0x080021a2   0x080021a2   0x00000002   PAD
    0x080021a4   0x080021a4   0x00000040   Code   RO         1904    i.HAL_NVIC_SetPriority  stm32f3xx_hal_cortex.o
    0x080021e4   0x080021e4   0x00000024   Code   RO         1905    i.HAL_NVIC_SetPriorityGrouping  stm32f3xx_hal_cortex.o
    0x08002208   0x08002208   0x0000003c   Code   RO         1366    i.HAL_PCDEx_PMAConfig  stm32f3xx_hal_pcd_ex.o
    0x08002244   0x08002244   0x00000002   Code   RO         5286    i.HAL_PCDEx_SetConnectionState  usbd_conf.o
    0x08002246   0x08002246   0x00000012   Code   RO         5288    i.HAL_PCD_DataInStageCallback  usbd_conf.o
    0x08002258   0x08002258   0x00000014   Code   RO         5289    i.HAL_PCD_DataOutStageCallback  usbd_conf.o
    0x0800226c   0x0800226c   0x0000004c   Code   RO         1142    i.HAL_PCD_EP_Close  stm32f3xx_hal_pcd.o
    0x080022b8   0x080022b8   0x0000005c   Code   RO         1143    i.HAL_PCD_EP_ClrStall  stm32f3xx_hal_pcd.o
    0x08002314   0x08002314   0x000000e6   Code   RO         1144    i.HAL_PCD_EP_DB_Receive  stm32f3xx_hal_pcd.o
    0x080023fa   0x080023fa   0x00000220   Code   RO         1145    i.HAL_PCD_EP_DB_Transmit  stm32f3xx_hal_pcd.o
    0x0800261a   0x0800261a   0x00000012   Code   RO         1147    i.HAL_PCD_EP_GetRxCount  stm32f3xx_hal_pcd.o
    0x0800262c   0x0800262c   0x00000060   Code   RO         1148    i.HAL_PCD_EP_Open   stm32f3xx_hal_pcd.o
    0x0800268c   0x0800268c   0x00000032   Code   RO         1149    i.HAL_PCD_EP_Receive  stm32f3xx_hal_pcd.o
    0x080026be   0x080026be   0x00000060   Code   RO         1150    i.HAL_PCD_EP_SetStall  stm32f3xx_hal_pcd.o
    0x0800271e   0x0800271e   0x00000034   Code   RO         1151    i.HAL_PCD_EP_Transmit  stm32f3xx_hal_pcd.o
    0x08002752   0x08002752   0x00000100   Code   RO         1153    i.HAL_PCD_IRQHandler  stm32f3xx_hal_pcd.o
    0x08002852   0x08002852   0x000000a6   Code   RO         1156    i.HAL_PCD_Init      stm32f3xx_hal_pcd.o
    0x080028f8   0x080028f8   0x00000074   Code   RO         5294    i.HAL_PCD_MspInit   usbd_conf.o
    0x0800296c   0x0800296c   0x00000026   Code   RO         5295    i.HAL_PCD_ResetCallback  usbd_conf.o
    0x08002992   0x08002992   0x00000008   Code   RO         5296    i.HAL_PCD_ResumeCallback  usbd_conf.o
    0x0800299a   0x0800299a   0x00000008   Code   RO         5297    i.HAL_PCD_SOFCallback  usbd_conf.o
    0x080029a2   0x080029a2   0x00000028   Code   RO         1162    i.HAL_PCD_SetAddress  stm32f3xx_hal_pcd.o
    0x080029ca   0x080029ca   0x0000000e   Code   RO         5298    i.HAL_PCD_SetupStageCallback  usbd_conf.o
    0x080029d8   0x080029d8   0x00000032   Code   RO         1164    i.HAL_PCD_Start     stm32f3xx_hal_pcd.o
    0x08002a0a   0x08002a0a   0x00000002   PAD
    0x08002a0c   0x08002a0c   0x00000024   Code   RO         5299    i.HAL_PCD_SuspendCallback  usbd_conf.o
    0x08002a30   0x08002a30   0x00000218   Code   RO         1687    i.HAL_RCCEx_PeriphCLKConfig  stm32f3xx_hal_rcc_ex.o
    0x08002c48   0x08002c48   0x00000148   Code   RO         1581    i.HAL_RCC_ClockConfig  stm32f3xx_hal_rcc.o
    0x08002d90   0x08002d90   0x00000030   Code   RO         1588    i.HAL_RCC_GetPCLK1Freq  stm32f3xx_hal_rcc.o
    0x08002dc0   0x08002dc0   0x00000030   Code   RO         1589    i.HAL_RCC_GetPCLK2Freq  stm32f3xx_hal_rcc.o
    0x08002df0   0x08002df0   0x0000006c   Code   RO         1590    i.HAL_RCC_GetSysClockFreq  stm32f3xx_hal_rcc.o
    0x08002e5c   0x08002e5c   0x000005c8   Code   RO         1593    i.HAL_RCC_OscConfig  stm32f3xx_hal_rcc.o
    0x08003424   0x08003424   0x00000028   Code   RO         1909    i.HAL_SYSTICK_Config  stm32f3xx_hal_cortex.o
    0x0800344c   0x0800344c   0x00000002   Code   RO         4330    i.HAL_TIMEx_Break2Callback  stm32f3xx_hal_tim_ex.o
    0x0800344e   0x0800344e   0x00000002   Code   RO         4331    i.HAL_TIMEx_BreakCallback  stm32f3xx_hal_tim_ex.o
    0x08003450   0x08003450   0x00000002   Code   RO         4332    i.HAL_TIMEx_CommutCallback  stm32f3xx_hal_tim_ex.o
    0x08003452   0x08003452   0x00000002   PAD
    0x08003454   0x08003454   0x00000090   Code   RO         4351    i.HAL_TIMEx_MasterConfigSynchronization  stm32f3xx_hal_tim_ex.o
    0x080034e4   0x080034e4   0x00000062   Code   RO         3616    i.HAL_TIM_Base_Init  stm32f3xx_hal_tim.o
    0x08003546   0x08003546   0x00000002   PAD
    0x08003548   0x08003548   0x0000013c   Code   RO          674    i.HAL_TIM_Base_MspInit  tim.o
    0x08003684   0x08003684   0x0000006c   Code   RO         3619    i.HAL_TIM_Base_Start  stm32f3xx_hal_tim.o
    0x080036f0   0x080036f0   0x00000078   Code   RO         3621    i.HAL_TIM_Base_Start_IT  stm32f3xx_hal_tim.o
    0x08003768   0x08003768   0x00000026   Code   RO         3622    i.HAL_TIM_Base_Stop  stm32f3xx_hal_tim.o
    0x0800378e   0x0800378e   0x00000030   Code   RO         3624    i.HAL_TIM_Base_Stop_IT  stm32f3xx_hal_tim.o
    0x080037be   0x080037be   0x00000002   PAD
    0x080037c0   0x080037c0   0x000000dc   Code   RO         3625    i.HAL_TIM_ConfigClockSource  stm32f3xx_hal_tim.o
    0x0800389c   0x0800389c   0x00000002   Code   RO         3650    i.HAL_TIM_IC_CaptureCallback  stm32f3xx_hal_tim.o
    0x0800389e   0x0800389e   0x00000184   Code   RO         3664    i.HAL_TIM_IRQHandler  stm32f3xx_hal_tim.o
    0x08003a22   0x08003a22   0x00000002   PAD
    0x08003a24   0x08003a24   0x00000078   Code   RO          675    i.HAL_TIM_MspPostInit  tim.o
    0x08003a9c   0x08003a9c   0x00000002   Code   RO         3667    i.HAL_TIM_OC_DelayElapsedCallback  stm32f3xx_hal_tim.o
    0x08003a9e   0x08003a9e   0x0000011e   Code   RO         3688    i.HAL_TIM_PWM_ConfigChannel  stm32f3xx_hal_tim.o
    0x08003bbc   0x08003bbc   0x00000062   Code   RO         3691    i.HAL_TIM_PWM_Init  stm32f3xx_hal_tim.o
    0x08003c1e   0x08003c1e   0x00000002   Code   RO         3693    i.HAL_TIM_PWM_MspInit  stm32f3xx_hal_tim.o
    0x08003c20   0x08003c20   0x00000002   Code   RO         3694    i.HAL_TIM_PWM_PulseFinishedCallback  stm32f3xx_hal_tim.o
    0x08003c22   0x08003c22   0x00000002   PAD
    0x08003c24   0x08003c24   0x000000fc   Code   RO         3696    i.HAL_TIM_PWM_Start  stm32f3xx_hal_tim.o
    0x08003d20   0x08003d20   0x00000188   Code   RO          385    i.HAL_TIM_PeriodElapsedCallback  main.o
    0x08003ea8   0x08003ea8   0x00000002   Code   RO         3707    i.HAL_TIM_TriggerCallback  stm32f3xx_hal_tim.o
    0x08003eaa   0x08003eaa   0x00000002   Code   RO         4618    i.HAL_UARTEx_RxEventCallback  stm32f3xx_hal_uart.o
    0x08003eac   0x08003eac   0x00000002   Code   RO         5009    i.HAL_UARTEx_WakeupCallback  stm32f3xx_hal_uart_ex.o
    0x08003eae   0x08003eae   0x00000002   Code   RO         4634    i.HAL_UART_ErrorCallback  stm32f3xx_hal_uart.o
    0x08003eb0   0x08003eb0   0x00000238   Code   RO         4637    i.HAL_UART_IRQHandler  stm32f3xx_hal_uart.o
    0x080040e8   0x080040e8   0x00000066   Code   RO         4638    i.HAL_UART_Init     stm32f3xx_hal_uart.o
    0x0800414e   0x0800414e   0x00000002   PAD
    0x08004150   0x08004150   0x000000d8   Code   RO          758    i.HAL_UART_MspInit  usart.o
    0x08004228   0x08004228   0x0000003e   Code   RO         4643    i.HAL_UART_Receive_IT  stm32f3xx_hal_uart.o
    0x08004266   0x08004266   0x00000002   PAD
    0x08004268   0x08004268   0x0000003c   Code   RO          386    i.HAL_UART_RxCpltCallback  main.o
    0x080042a4   0x080042a4   0x00000068   Code   RO         4649    i.HAL_UART_Transmit_IT  stm32f3xx_hal_uart.o
    0x0800430c   0x0800430c   0x00000002   Code   RO         4650    i.HAL_UART_TxCpltCallback  stm32f3xx_hal_uart.o
    0x0800430e   0x0800430e   0x00000002   Code   RO          812    i.HardFault_Handler  stm32f3xx_it.o
    0x08004310   0x08004310   0x00000038   Code   RO         5142    i.IntToUnicode      usbd_desc.o
    0x08004348   0x08004348   0x00000098   Code   RO          554    i.MX_ADC1_Init      adc.o
    0x080043e0   0x080043e0   0x00000088   Code   RO          555    i.MX_ADC2_Init      adc.o
    0x08004468   0x08004468   0x000000d8   Code   RO          556    i.MX_ADC3_Init      adc.o
    0x08004540   0x08004540   0x0000004c   Code   RO          609    i.MX_DAC_Init       dac.o
    0x0800458c   0x0800458c   0x0000006c   Code   RO          649    i.MX_DMA_Init       dma.o
    0x080045f8   0x080045f8   0x000000c4   Code   RO          528    i.MX_GPIO_Init      gpio.o
    0x080046bc   0x080046bc   0x00000070   Code   RO          676    i.MX_TIM1_Init      tim.o
    0x0800472c   0x0800472c   0x000000c8   Code   RO          677    i.MX_TIM2_Init      tim.o
    0x080047f4   0x080047f4   0x0000006c   Code   RO          678    i.MX_TIM3_Init      tim.o
    0x08004860   0x08004860   0x0000006c   Code   RO          679    i.MX_TIM4_Init      tim.o
    0x080048cc   0x080048cc   0x0000004c   Code   RO          680    i.MX_TIM6_Init      tim.o
    0x08004918   0x08004918   0x00000048   Code   RO          681    i.MX_TIM7_Init      tim.o
    0x08004960   0x08004960   0x00000074   Code   RO          682    i.MX_TIM8_Init      tim.o
    0x080049d4   0x080049d4   0x0000003c   Code   RO          759    i.MX_UART4_Init     usart.o
    0x08004a10   0x08004a10   0x0000003c   Code   RO          760    i.MX_USART1_UART_Init  usart.o
    0x08004a4c   0x08004a4c   0x00000054   Code   RO         5111    i.MX_USB_DEVICE_Init  usb_device.o
    0x08004aa0   0x08004aa0   0x00000002   Code   RO          813    i.MemManage_Handler  stm32f3xx_it.o
    0x08004aa2   0x08004aa2   0x00000002   Code   RO          814    i.NMI_Handler       stm32f3xx_it.o
    0x08004aa4   0x08004aa4   0x000002fc   Code   RO         1168    i.PCD_EP_ISR_Handler  stm32f3xx_hal_pcd.o
    0x08004da0   0x08004da0   0x00000002   Code   RO          815    i.PendSV_Handler    stm32f3xx_it.o
    0x08004da2   0x08004da2   0x00000002   Code   RO          816    i.SVC_Handler       stm32f3xx_it.o
    0x08004da4   0x08004da4   0x00000004   Code   RO          817    i.SysTick_Handler   stm32f3xx_it.o
    0x08004da8   0x08004da8   0x00000078   Code   RO          387    i.SystemClock_Config  main.o
    0x08004e20   0x08004e20   0x0000001c   Code   RO         5074    i.SystemInit        system_stm32f3xx.o
    0x08004e3c   0x08004e3c   0x0000000c   Code   RO          818    i.TIM1_UP_TIM16_IRQHandler  stm32f3xx_it.o
    0x08004e48   0x08004e48   0x0000000c   Code   RO          819    i.TIM2_IRQHandler   stm32f3xx_it.o
    0x08004e54   0x08004e54   0x0000000c   Code   RO          820    i.TIM3_IRQHandler   stm32f3xx_it.o
    0x08004e60   0x08004e60   0x0000000c   Code   RO          821    i.TIM4_IRQHandler   stm32f3xx_it.o
    0x08004e6c   0x08004e6c   0x0000000c   Code   RO          822    i.TIM8_BRK_IRQHandler  stm32f3xx_it.o
    0x08004e78   0x08004e78   0x0000000c   Code   RO          823    i.TIM8_CC_IRQHandler  stm32f3xx_it.o
    0x08004e84   0x08004e84   0x0000000c   Code   RO          824    i.TIM8_TRG_COM_IRQHandler  stm32f3xx_it.o
    0x08004e90   0x08004e90   0x0000000c   Code   RO          825    i.TIM8_UP_IRQHandler  stm32f3xx_it.o
    0x08004e9c   0x08004e9c   0x000000b0   Code   RO         3709    i.TIM_Base_SetConfig  stm32f3xx_hal_tim.o
    0x08004f4c   0x08004f4c   0x0000001a   Code   RO         3710    i.TIM_CCxChannelCmd  stm32f3xx_hal_tim.o
    0x08004f66   0x08004f66   0x00000014   Code   RO         3720    i.TIM_ETR_SetConfig  stm32f3xx_hal_tim.o
    0x08004f7a   0x08004f7a   0x00000010   Code   RO         3721    i.TIM_ITRx_SetConfig  stm32f3xx_hal_tim.o
    0x08004f8a   0x08004f8a   0x00000002   PAD
    0x08004f8c   0x08004f8c   0x0000009c   Code   RO         3722    i.TIM_OC1_SetConfig  stm32f3xx_hal_tim.o
    0x08005028   0x08005028   0x00000090   Code   RO         3723    i.TIM_OC2_SetConfig  stm32f3xx_hal_tim.o
    0x080050b8   0x080050b8   0x00000090   Code   RO         3724    i.TIM_OC3_SetConfig  stm32f3xx_hal_tim.o
    0x08005148   0x08005148   0x00000074   Code   RO         3725    i.TIM_OC4_SetConfig  stm32f3xx_hal_tim.o
    0x080051bc   0x080051bc   0x00000070   Code   RO         3726    i.TIM_OC5_SetConfig  stm32f3xx_hal_tim.o
    0x0800522c   0x0800522c   0x00000070   Code   RO         3727    i.TIM_OC6_SetConfig  stm32f3xx_hal_tim.o
    0x0800529c   0x0800529c   0x00000022   Code   RO         3729    i.TIM_TI1_ConfigInputStage  stm32f3xx_hal_tim.o
    0x080052be   0x080052be   0x00000024   Code   RO         3731    i.TIM_TI2_ConfigInputStage  stm32f3xx_hal_tim.o
    0x080052e2   0x080052e2   0x00000002   PAD
    0x080052e4   0x080052e4   0x0000000c   Code   RO          826    i.UART4_IRQHandler  stm32f3xx_it.o
    0x080052f0   0x080052f0   0x000000c8   Code   RO         4652    i.UART_AdvFeatureConfig  stm32f3xx_hal_uart.o
    0x080053b8   0x080053b8   0x0000005c   Code   RO         4653    i.UART_CheckIdleState  stm32f3xx_hal_uart.o
    0x08005414   0x08005414   0x00000014   Code   RO         4654    i.UART_DMAAbortOnError  stm32f3xx_hal_uart.o
    0x08005428   0x08005428   0x00000030   Code   RO         4664    i.UART_EndRxTransfer  stm32f3xx_hal_uart.o
    0x08005458   0x08005458   0x0000007c   Code   RO         4666    i.UART_RxISR_16BIT  stm32f3xx_hal_uart.o
    0x080054d4   0x080054d4   0x0000007c   Code   RO         4667    i.UART_RxISR_8BIT   stm32f3xx_hal_uart.o
    0x08005550   0x08005550   0x000001c8   Code   RO         4668    i.UART_SetConfig    stm32f3xx_hal_uart.o
    0x08005718   0x08005718   0x0000007c   Code   RO         4670    i.UART_Start_Receive_IT  stm32f3xx_hal_uart.o
    0x08005794   0x08005794   0x00000040   Code   RO         4671    i.UART_TxISR_16BIT  stm32f3xx_hal_uart.o
    0x080057d4   0x080057d4   0x0000003c   Code   RO         4672    i.UART_TxISR_8BIT   stm32f3xx_hal_uart.o
    0x08005810   0x08005810   0x000000a4   Code   RO         4673    i.UART_WaitOnFlagUntilTimeout  stm32f3xx_hal_uart.o
    0x080058b4   0x080058b4   0x0000000c   Code   RO          827    i.USART1_IRQHandler  stm32f3xx_it.o
    0x080058c0   0x080058c0   0x00000046   Code   RO         5761    i.USBD_CDC_DataIn   usbd_cdc.o
    0x08005906   0x08005906   0x0000002e   Code   RO         5762    i.USBD_CDC_DataOut  usbd_cdc.o
    0x08005934   0x08005934   0x00000044   Code   RO         5763    i.USBD_CDC_DeInit   usbd_cdc.o
    0x08005978   0x08005978   0x00000024   Code   RO         5764    i.USBD_CDC_EP0_RxReady  usbd_cdc.o
    0x0800599c   0x0800599c   0x0000000c   Code   RO         5765    i.USBD_CDC_GetDeviceQualifierDescriptor  usbd_cdc.o
    0x080059a8   0x080059a8   0x0000000c   Code   RO         5766    i.USBD_CDC_GetFSCfgDesc  usbd_cdc.o
    0x080059b4   0x080059b4   0x0000000c   Code   RO         5767    i.USBD_CDC_GetHSCfgDesc  usbd_cdc.o
    0x080059c0   0x080059c0   0x0000000c   Code   RO         5768    i.USBD_CDC_GetOtherSpeedCfgDesc  usbd_cdc.o
    0x080059cc   0x080059cc   0x00000094   Code   RO         5769    i.USBD_CDC_Init     usbd_cdc.o
    0x08005a60   0x08005a60   0x00000028   Code   RO         5770    i.USBD_CDC_ReceivePacket  usbd_cdc.o
    0x08005a88   0x08005a88   0x00000010   Code   RO         5771    i.USBD_CDC_RegisterInterface  usbd_cdc.o
    0x08005a98   0x08005a98   0x0000000c   Code   RO         5772    i.USBD_CDC_SetRxBuffer  usbd_cdc.o
    0x08005aa4   0x08005aa4   0x00000010   Code   RO         5773    i.USBD_CDC_SetTxBuffer  usbd_cdc.o
    0x08005ab4   0x08005ab4   0x000000ac   Code   RO         5774    i.USBD_CDC_Setup    usbd_cdc.o
    0x08005b60   0x08005b60   0x00000036   Code   RO         5775    i.USBD_CDC_TransmitPacket  usbd_cdc.o
    0x08005b96   0x08005b96   0x0000000e   Code   RO         5498    i.USBD_ClrClassConfig  usbd_core.o
    0x08005ba4   0x08005ba4   0x00000010   Code   RO         5701    i.USBD_CtlContinueRx  usbd_ioreq.o
    0x08005bb4   0x08005bb4   0x00000010   Code   RO         5702    i.USBD_CtlContinueSendData  usbd_ioreq.o
    0x08005bc4   0x08005bc4   0x00000016   Code   RO         5636    i.USBD_CtlError     usbd_ctlreq.o
    0x08005bda   0x08005bda   0x0000001e   Code   RO         5703    i.USBD_CtlPrepareRx  usbd_ioreq.o
    0x08005bf8   0x08005bf8   0x00000016   Code   RO         5704    i.USBD_CtlReceiveStatus  usbd_ioreq.o
    0x08005c0e   0x08005c0e   0x0000001a   Code   RO         5705    i.USBD_CtlSendData  usbd_ioreq.o
    0x08005c28   0x08005c28   0x00000016   Code   RO         5706    i.USBD_CtlSendStatus  usbd_ioreq.o
    0x08005c3e   0x08005c3e   0x00000002   PAD
    0x08005c40   0x08005c40   0x00000020   Code   RO         5143    i.USBD_FS_ConfigStrDescriptor  usbd_desc.o
    0x08005c60   0x08005c60   0x0000000c   Code   RO         5144    i.USBD_FS_DeviceDescriptor  usbd_desc.o
    0x08005c6c   0x08005c6c   0x00000024   Code   RO         5145    i.USBD_FS_InterfaceStrDescriptor  usbd_desc.o
    0x08005c90   0x08005c90   0x0000000c   Code   RO         5146    i.USBD_FS_LangIDStrDescriptor  usbd_desc.o
    0x08005c9c   0x08005c9c   0x00000028   Code   RO         5147    i.USBD_FS_ManufacturerStrDescriptor  usbd_desc.o
    0x08005cc4   0x08005cc4   0x0000002c   Code   RO         5148    i.USBD_FS_ProductStrDescriptor  usbd_desc.o
    0x08005cf0   0x08005cf0   0x00000038   Code   RO         5149    i.USBD_FS_SerialStrDescriptor  usbd_desc.o
    0x08005d28   0x08005d28   0x000000e8   Code   RO         5637    i.USBD_GetDescriptor  usbd_ctlreq.o
    0x08005e10   0x08005e10   0x00000048   Code   RO         5638    i.USBD_GetString    usbd_ctlreq.o
    0x08005e58   0x08005e58   0x00000018   Code   RO         5300    i.USBD_Get_USB_Status  usbd_conf.o
    0x08005e70   0x08005e70   0x0000002a   Code   RO         5500    i.USBD_Init         usbd_core.o
    0x08005e9a   0x08005e9a   0x00000012   Code   RO         5301    i.USBD_LL_ClearStallEP  usbd_conf.o
    0x08005eac   0x08005eac   0x00000012   Code   RO         5302    i.USBD_LL_CloseEP   usbd_conf.o
    0x08005ebe   0x08005ebe   0x000000c6   Code   RO         5501    i.USBD_LL_DataInStage  usbd_core.o
    0x08005f84   0x08005f84   0x00000082   Code   RO         5502    i.USBD_LL_DataOutStage  usbd_core.o
    0x08006006   0x08006006   0x00000008   Code   RO         5306    i.USBD_LL_GetRxDataSize  usbd_conf.o
    0x0800600e   0x0800600e   0x00000002   PAD
    0x08006010   0x08006010   0x00000080   Code   RO         5307    i.USBD_LL_Init      usbd_conf.o
    0x08006090   0x08006090   0x00000020   Code   RO         5308    i.USBD_LL_IsStallEP  usbd_conf.o
    0x080060b0   0x080060b0   0x00000018   Code   RO         5309    i.USBD_LL_OpenEP    usbd_conf.o
    0x080060c8   0x080060c8   0x00000012   Code   RO         5310    i.USBD_LL_PrepareReceive  usbd_conf.o
    0x080060da   0x080060da   0x00000050   Code   RO         5507    i.USBD_LL_Reset     usbd_core.o
    0x0800612a   0x0800612a   0x00000014   Code   RO         5508    i.USBD_LL_Resume    usbd_core.o
    0x0800613e   0x0800613e   0x00000018   Code   RO         5509    i.USBD_LL_SOF       usbd_core.o
    0x08006156   0x08006156   0x00000006   Code   RO         5510    i.USBD_LL_SetSpeed  usbd_core.o
    0x0800615c   0x0800615c   0x00000012   Code   RO         5311    i.USBD_LL_SetUSBAddress  usbd_conf.o
    0x0800616e   0x0800616e   0x0000005a   Code   RO         5511    i.USBD_LL_SetupStage  usbd_core.o
    0x080061c8   0x080061c8   0x00000012   Code   RO         5312    i.USBD_LL_StallEP   usbd_conf.o
    0x080061da   0x080061da   0x00000012   Code   RO         5313    i.USBD_LL_Start     usbd_conf.o
    0x080061ec   0x080061ec   0x00000012   Code   RO         5512    i.USBD_LL_Suspend   usbd_core.o
    0x080061fe   0x080061fe   0x00000012   Code   RO         5315    i.USBD_LL_Transmit  usbd_conf.o
    0x08006210   0x08006210   0x00000028   Code   RO         5639    i.USBD_ParseSetupRequest  usbd_ctlreq.o
    0x08006238   0x08006238   0x00000010   Code   RO         5513    i.USBD_RegisterClass  usbd_core.o
    0x08006248   0x08006248   0x00000016   Code   RO         5515    i.USBD_SetClassConfig  usbd_core.o
    0x0800625e   0x0800625e   0x00000002   PAD
    0x08006260   0x08006260   0x00000084   Code   RO         5640    i.USBD_SetConfig    usbd_ctlreq.o
    0x080062e4   0x080062e4   0x0000000a   Code   RO         5516    i.USBD_Start        usbd_core.o
    0x080062ee   0x080062ee   0x00000112   Code   RO         5641    i.USBD_StdDevReq    usbd_ctlreq.o
    0x08006400   0x08006400   0x00000150   Code   RO         5642    i.USBD_StdEPReq     usbd_ctlreq.o
    0x08006550   0x08006550   0x0000004e   Code   RO         5643    i.USBD_StdItfReq    usbd_ctlreq.o
    0x0800659e   0x0800659e   0x00000002   Code   RO         5316    i.USBD_static_free  usbd_conf.o
    0x080065a0   0x080065a0   0x00000008   Code   RO         5317    i.USBD_static_malloc  usbd_conf.o
    0x080065a8   0x080065a8   0x00000258   Code   RO         1001    i.USB_ActivateEndpoint  stm32f3xx_ll_usb.o
    0x08006800   0x08006800   0x0000010e   Code   RO         1005    i.USB_DeactivateEndpoint  stm32f3xx_ll_usb.o
    0x0800690e   0x0800690e   0x00000004   Code   RO         1006    i.USB_DevConnect    stm32f3xx_ll_usb.o
    0x08006912   0x08006912   0x00000012   Code   RO         1008    i.USB_DevInit       stm32f3xx_ll_usb.o
    0x08006924   0x08006924   0x0000000e   Code   RO         1009    i.USB_DisableGlobalInt  stm32f3xx_ll_usb.o
    0x08006932   0x08006932   0x00000078   Code   RO         1010    i.USB_EPClearStall  stm32f3xx_ll_usb.o
    0x080069aa   0x080069aa   0x00000032   Code   RO         1011    i.USB_EPSetStall    stm32f3xx_ll_usb.o
    0x080069dc   0x080069dc   0x000004ce   Code   RO         1012    i.USB_EPStartXfer   stm32f3xx_ll_usb.o
    0x08006eaa   0x08006eaa   0x00000012   Code   RO         1013    i.USB_EnableGlobalInt  stm32f3xx_ll_usb.o
    0x08006ebc   0x08006ebc   0x0000000c   Code   RO          828    i.USB_LP_CAN_RX0_IRQHandler  stm32f3xx_it.o
    0x08006ec8   0x08006ec8   0x00000006   Code   RO         1014    i.USB_ReadInterrupts  stm32f3xx_ll_usb.o
    0x08006ece   0x08006ece   0x00000002   PAD
    0x08006ed0   0x08006ed0   0x0000002c   Code   RO         1015    i.USB_ReadPMA       stm32f3xx_ll_usb.o
    0x08006efc   0x08006efc   0x0000000c   Code   RO         1017    i.USB_SetDevAddress  stm32f3xx_ll_usb.o
    0x08006f08   0x08006f08   0x00000026   Code   RO         1019    i.USB_WritePMA      stm32f3xx_ll_usb.o
    0x08006f2e   0x08006f2e   0x00000002   Code   RO          829    i.UsageFault_Handler  stm32f3xx_it.o
    0x08006f30   0x08006f30   0x00000030   Code   RO         5985    i.__ARM_fpclassify  m_wm.l(fpclassify.o)
    0x08006f60   0x08006f60   0x00000020   Code   RO         1911    i.__NVIC_SetPriority  stm32f3xx_hal_cortex.o
    0x08006f80   0x08006f80   0x000000c2   Code   RO         5880    i.__hardfp_lroundf  m_wm.l(lroundf.o)
    0x08007042   0x08007042   0x00000006   PAD
    0x08007048   0x08007048   0x000000e0   Code   RO         5864    i.__hardfp_round    m_wm.l(round.o)
    0x08007128   0x08007128   0x000000c8   Code   RO         5868    i.__hardfp_sin      m_wm.l(sin.o)
    0x080071f0   0x080071f0   0x00000438   Code   RO         5928    i.__ieee754_rem_pio2  m_wm.l(rred.o)
    0x08007628   0x08007628   0x00000170   Code   RO         5911    i.__kernel_cos      m_wm.l(cos_i.o)
    0x08007798   0x08007798   0x000000f8   Code   RO         5987    i.__kernel_poly     m_wm.l(poly.o)
    0x08007890   0x08007890   0x00000130   Code   RO         5933    i.__kernel_sin      m_wm.l(sin_i.o)
    0x080079c0   0x080079c0   0x00000014   Code   RO         5915    i.__mathlib_dbl_infnan  m_wm.l(dunder.o)
    0x080079d4   0x080079d4   0x00000004   PAD
    0x080079d8   0x080079d8   0x00000020   Code   RO         5917    i.__mathlib_dbl_invalid  m_wm.l(dunder.o)
    0x080079f8   0x080079f8   0x00000020   Code   RO         5920    i.__mathlib_dbl_underflow  m_wm.l(dunder.o)
    0x08007a18   0x08007a18   0x0000000e   Code   RO         5999    i.__scatterload_copy  mc_w.l(handlers.o)
    0x08007a26   0x08007a26   0x00000002   Code   RO         6000    i.__scatterload_null  mc_w.l(handlers.o)
    0x08007a28   0x08007a28   0x0000000e   Code   RO         6001    i.__scatterload_zeroinit  mc_w.l(handlers.o)
    0x08007a36   0x08007a36   0x00000002   PAD
    0x08007a38   0x08007a38   0x0000000c   Code   RO         5959    i.__set_errno       mc_w.l(errno.o)
    0x08007a44   0x08007a44   0x000000c4   Code   RO          388    i.calcAnalogSampleFreq  main.o
    0x08007b08   0x08007b08   0x00000084   Code   RO          158    i.capacitorCheck    measure.o
    0x08007b8c   0x08007b8c   0x0000000c   Code   RO          159    i.capacitorInit     measure.o
    0x08007b98   0x08007b98   0x0000039c   Code   RO          389    i.checkForIncomingData  main.o
    0x08007f34   0x08007f34   0x0000002c   Code   RO          160    i.connectionCheck   measure.o
    0x08007f60   0x08007f60   0x0000001c   Code   RO          161    i.currentCheck      measure.o
    0x08007f7c   0x08007f7c   0x00000030   Code   RO          265    i.dacInit           digitaltoanalog.o
    0x08007fac   0x08007fac   0x00000002   Code   RO          266    i.dacStop           digitaltoanalog.o
    0x08007fae   0x08007fae   0x00000002   PAD
    0x08007fb0   0x08007fb0   0x0000001c   Code   RO          162    i.diodeCheck        measure.o
    0x08007fcc   0x08007fcc   0x00000018   Code   RO         5981    i.fabs              m_wm.l(fabs.o)
    0x08007fe4   0x08007fe4   0x000000b4   Code   RO          267    i.fillValueDac      digitaltoanalog.o
    0x08008098   0x08008098   0x0000038c   Code   RO          390    i.handleIncomingData  main.o
    0x08008424   0x08008424   0x000000c8   Code   RO          391    i.ledBlink          main.o
    0x080084ec   0x080084ec   0x00000bcc   Code   RO          392    i.main              main.o
    0x080090b8   0x080090b8   0x00000060   Code   RO          268    i.makeWaveDac       digitaltoanalog.o
    0x08009118   0x08009118   0x00000040   Code   RO          163    i.readADC           measure.o
    0x08009158   0x08009158   0x00000078   Code   RO          164    i.resistorCheck     measure.o
    0x080091d0   0x080091d0   0x0000000c   Code   RO          165    i.resistorInit      measure.o
    0x080091dc   0x080091dc   0x00000034   Code   RO          393    i.setADtimer        main.o
    0x08009210   0x08009210   0x00000030   Code   RO          271    i.voltageOutInit    digitaltoanalog.o
    0x08009240   0x08009240   0x00000020   Code   RO          272    i.voltageOutStop    digitaltoanalog.o
    0x08009260   0x08009260   0x00000020   Data   RO         1594    .constdata          stm32f3xx_hal_rcc.o
    0x08009280   0x08009280   0x00000010   Data   RO         5075    .constdata          system_stm32f3xx.o
    0x08009290   0x08009290   0x00000008   Data   RO         5076    .constdata          system_stm32f3xx.o
    0x08009298   0x08009298   0x00000030   Data   RO         5912    .constdata          m_wm.l(cos_i.o)
    0x080092c8   0x080092c8   0x000000c8   Data   RO         5930    .constdata          m_wm.l(rred.o)
    0x08009390   0x08009390   0x00000028   Data   RO         5934    .constdata          m_wm.l(sin_i.o)
    0x080093b8   0x080093b8   0x00000040   Data   RO         5997    Region$$Table       anon$$obj.o


    Execution Region RW_IRAM2 (Exec base: 0x10000000, Load base: 0x08009450, Size: 0x00001510, Max: 0x00002000, ABSOLUTE, COMPRESSED[0x00000078])

    Exec Addr    Load Addr    Size         Type   Attr      Idx    E Section Name        Object

    0x10000000   COMPRESSED   0x0000001c   Data   RW          167    .data               measure.o
    0x1000001c   COMPRESSED   0x00000004   Data   RW          558    .data               adc.o
    0x10000020   COMPRESSED   0x00000004   Data   RW         5077    .data               system_stm32f3xx.o
    0x10000024   COMPRESSED   0x00000032   Data   RW         5152    .data               usbd_desc.o
    0x10000056   COMPRESSED   0x00000002   PAD
    0x10000058   COMPRESSED   0x000000d7   Data   RW         5776    .data               usbd_cdc.o
    0x1000012f   COMPRESSED   0x00000001   PAD
    0x10000130   COMPRESSED   0x00000004   Data   RW         5960    .data               mc_w.l(errno.o)
    0x10000134        -       0x00000014   Zero   RW          166    .bss                measure.o
    0x10000148        -       0x000001bc   Zero   RW          557    .bss                adc.o
    0x10000304        -       0x00000058   Zero   RW          610    .bss                dac.o
    0x1000035c        -       0x00000214   Zero   RW          683    .bss                tim.o
    0x10000570        -       0x000002c4   Zero   RW         5112    .bss                usb_device.o
    0x10000834        -       0x000007d0   Zero   RW         5234    .bss                usbd_cdc_if.o
    0x10001004        -       0x0000050c   Zero   RW         5318    .bss                usbd_conf.o


    Execution Region RW_IRAM1 (Exec base: 0x20000000, Load base: 0x080093f8, Size: 0x00009510, Max: 0x0000a000, ABSOLUTE, COMPRESSED[0x00000058])

    Exec Addr    Load Addr    Size         Type   Attr      Idx    E Section Name        Object

    0x20000000   COMPRESSED   0x00000224   Data   RW          274    .data               digitaltoanalog.o
    0x20000224   COMPRESSED   0x00000074   Data   RW          396    .data               main.o
    0x20000298   COMPRESSED   0x0000000c   Data   RW         1431    .data               stm32f3xx_hal.o
    0x200002a4   COMPRESSED   0x0000001c   Data   RW         5151    .data               usbd_desc.o
    0x200002c0   COMPRESSED   0x00000010   Data   RW         5235    .data               usbd_cdc_if.o
    0x200002d0   COMPRESSED   0x00000001   Data   RW         5644    .data               usbd_ctlreq.o
    0x200002d1   COMPRESSED   0x00000003   PAD
    0x200002d4   COMPRESSED   0x00000038   Data   RW         5777    .data               usbd_cdc.o
    0x2000030c        -       0x00004efc   Zero   RW          395    .bss                main.o
    0x20005208        -       0x00000108   Zero   RW          761    .bss                usart.o
    0x20005310        -       0x00000200   Zero   RW         5150    .bss                usbd_desc.o
    0x20005510        -       0x00004000   Zero   RW            1    STACK               startup_stm32f303xc.o


==============================================================================

Image component sizes


      Code (inc. data)   RO Data    RW Data    ZI Data      Debug   Object Name

       916         56          0          4        444       3773   adc.o
         0          0          0          0          0     642760   currentmeter.o
       232         34          0          0         88       1828   dac.o
       406         58          0        548          0       5438   digitaltoanalog.o
       108          4          0          0          0        870   dma.o
       196          8          0          0          0       1059   gpio.o
      5956        278          0        116      20220      24375   main.o
       440         84          0         28         20       5752   measure.o
        36          8        392          0      16384        852   startup_stm32f303xc.o
       164         28          0         12          0      13565   stm32f3xx_hal.o
         6          0          0          0          0       2118   stm32f3xx_hal_adc.o
      3502        156          0          0          0      14134   stm32f3xx_hal_adc_ex.o
       198         14          0          0          0      34043   stm32f3xx_hal_cortex.o
        46          0          0          0          0       2814   stm32f3xx_hal_dac.o
       424         24          0          0          0       7721   stm32f3xx_hal_dac_ex.o
       604         12          0          0          0       5782   stm32f3xx_hal_dma.o
       476         28          0          0          0       3820   stm32f3xx_hal_gpio.o
        48          4          0          0          0        898   stm32f3xx_hal_msp.o
      2530          0          0          0          0      13677   stm32f3xx_hal_pcd.o
        60          0          0          0          0       1222   stm32f3xx_hal_pcd_ex.o
      2012         76         32          0          0       5928   stm32f3xx_hal_rcc.o
       536         14          0          0          0       1616   stm32f3xx_hal_rcc_ex.o
      2758        268          0          0          0      20882   stm32f3xx_hal_tim.o
       150         20          0          0          0       3152   stm32f3xx_hal_tim_ex.o
      2318         78          0          0          0      14992   stm32f3xx_hal_uart.o
         2          0          0          0          0       1048   stm32f3xx_hal_uart_ex.o
       212         96          0          0          0      12170   stm32f3xx_it.o
      2424          0          0          0          0      14528   stm32f3xx_ll_usb.o
        28          6         24          4          0       1199   system_stm32f3xx.o
      1228        102          0          0        532       6798   tim.o
       336         32          0          0        264       2541   usart.o
        84         18          0          0        708        844   usb_device.o
       726         16          0        271          0      13802   usbd_cdc.o
       124         22          0         16       2000       3584   usbd_cdc_if.o
       612         28          0          0       1292      15461   usbd_conf.o
       670          0          0          0          0      10111   usbd_core.o
      1186         28          0          1          0       8324   usbd_ctlreq.o
       288        104          0         78        512       6325   usbd_desc.o
       132          0          0          0          0       4624   usbd_ioreq.o

    ----------------------------------------------------------------------
     32220       1704        512       1084      42464     934430   Object Totals
         0          0         64          0          0          0   (incl. Generated)
        46          0          0          6          0          0   (incl. Padding)

    ----------------------------------------------------------------------

      Code (inc. data)   RO Data    RW Data    ZI Data      Debug   Library Member Name

       368         46         48          0          0        200   cos_i.o
        84         16          0          0          0        372   dunder.o
        24          0          0          0          0        124   fabs.o
        48          0          0          0          0        124   fpclassify.o
       194          0          0          0          0        144   lroundf.o
       248          0          0          0          0        152   poly.o
       224         30          0          0          0        172   round.o
      1080        142        200          0          0        188   rred.o
       200         20          0          0          0        164   sin.o
       304         24         40          0          0        208   sin_i.o
        86          0          0          0          0          0   __dczerorl2.o
         0          0          0          0          0          0   entry.o
         0          0          0          0          0          0   entry10a.o
         0          0          0          0          0          0   entry11a.o
         8          4          0          0          0          0   entry2.o
         4          0          0          0          0          0   entry5.o
         0          0          0          0          0          0   entry7b.o
         0          0          0          0          0          0   entry8b.o
         8          4          0          0          0          0   entry9a.o
        12          6          0          4          0         68   errno.o
        30          0          0          0          0          0   handlers.o
        36          8          0          0          0         68   init.o
         0          0          0          0          0          0   iusefp.o
        30          0          0          0          0         68   llshl.o
        36          0          0          0          0         68   llsshr.o
        32          0          0          0          0         68   llushr.o
        36          0          0          0          0         68   memcpya.o
        36          0          0          0          0        108   memseta.o
        98          0          0          0          0         92   uldiv.o
        48          0          0          0          0         68   cdcmple.o
        48          0          0          0          0         68   cdrcmple.o
       334          0          0          0          0        148   dadd.o
       222          0          0          0          0        100   ddiv.o
       186          0          0          0          0        176   depilogue.o
        62          0          0          0          0         80   dfixi.o
        50          0          0          0          0         76   dfixui.o
        34          0          0          0          0         76   dflti.o
        26          0          0          0          0         76   dfltui.o
       228          0          0          0          0         96   dmul.o
       136          4          0          0          0         92   drnd.o
       110          0          0          0          0        168   fepilogue.o
        76          0          0          0          0         76   ffixir.o
        60          0          0          0          0         76   frnd.o

    ----------------------------------------------------------------------
      4860        304        288          4          0       3832   Library Totals
        14          0          0          0          0          0   (incl. Padding)

    ----------------------------------------------------------------------

      Code (inc. data)   RO Data    RW Data    ZI Data      Debug   Library Name

      2774        278        288          0          0       1848   m_wm.l
       452         22          0          4          0        608   mc_w.l
      1620          4          0          0          0       1376   mf_w.l

    ----------------------------------------------------------------------
      4860        304        288          4          0       3832   Library Totals

    ----------------------------------------------------------------------

==============================================================================


      Code (inc. data)   RO Data    RW Data    ZI Data      Debug   

     37080       2008        800       1088      42464     908206   Grand Totals
     37080       2008        800        208      42464     908206   ELF Image Totals (compressed)
     37080       2008        800        208          0          0   ROM Totals

==============================================================================

    Total RO  Size (Code + RO Data)                37880 (  36.99kB)
    Total RW  Size (RW Data + ZI Data)             43552 (  42.53kB)
    Total ROM Size (Code + RO Data + RW Data)      38088 (  37.20kB)

==============================================================================

